Component: ARM Compiler 5.06 update 6 (build 750) Tool: armlink [4d35ed]

==============================================================================

Section Cross References

    main.o(i.main) refers to thread.o(i.rt_thread_create) for rt_thread_create
    main.o(i.main) refers to thread.o(i.rt_thread_startup) for rt_thread_startup
    main.o(i.main) refers to timer_1.o(i.rt_timer_init) for rt_timer_init
    main.o(i.main) refers to timer_1.o(i.rt_timer_start) for rt_timer_start
    main.o(i.main) refers to app_thread.o(i.thread_entry1) for thread_entry1
    main.o(i.main) refers to main.o(.data) for tid
    main.o(i.main) refers to app_thread.o(i.thread_entry2) for thread_entry2
    main.o(i.main) refers to app_thread.o(i.thread_entry3) for thread_entry3
    main.o(i.main) refers to app_thread.o(i.timeout1) for timeout1
    main.o(i.main) refers to main.o(.bss) for timer1
    board.o(i.Automatic_Tuning_Parameter) refers to board.o(.data) for Usart3DataCnt
    board.o(i.Automatic_Tuning_Parameter) refers to board.o(.bss) for Usart3Data
    board.o(i.NVIC_Configuration) refers to misc.o(i.NVIC_PriorityGroupConfig) for NVIC_PriorityGroupConfig
    board.o(i.NVIC_Configuration) refers to misc.o(i.NVIC_Init) for NVIC_Init
    board.o(i.SysTick_Handler) refers to irq.o(i.rt_interrupt_enter) for rt_interrupt_enter
    board.o(i.SysTick_Handler) refers to clock.o(i.rt_tick_increase) for rt_tick_increase
    board.o(i.SysTick_Handler) refers to irq.o(i.rt_interrupt_leave) for rt_interrupt_leave
    board.o(i.USART3_Config) refers to board.o(i.rt_ringbuffer_init) for rt_ringbuffer_init
    board.o(i.USART3_Config) refers to ipc.o(i.rt_sem_init) for rt_sem_init
    board.o(i.USART3_Config) refers to stm32f4xx_rcc.o(i.RCC_AHB1PeriphClockCmd) for RCC_AHB1PeriphClockCmd
    board.o(i.USART3_Config) refers to stm32f4xx_rcc.o(i.RCC_APB1PeriphClockCmd) for RCC_APB1PeriphClockCmd
    board.o(i.USART3_Config) refers to stm32f4xx_gpio.o(i.GPIO_PinAFConfig) for GPIO_PinAFConfig
    board.o(i.USART3_Config) refers to stm32f4xx_gpio.o(i.GPIO_Init) for GPIO_Init
    board.o(i.USART3_Config) refers to stm32f4xx_usart.o(i.USART_DeInit) for USART_DeInit
    board.o(i.USART3_Config) refers to stm32f4xx_usart.o(i.USART_Init) for USART_Init
    board.o(i.USART3_Config) refers to stm32f4xx_usart.o(i.USART_ITConfig) for USART_ITConfig
    board.o(i.USART3_Config) refers to stm32f4xx_usart.o(i.USART_Cmd) for USART_Cmd
    board.o(i.USART3_Config) refers to board.o(.bss) for uart_rx_buf
    board.o(i.USART3_IRQHandler) refers to irq.o(i.rt_interrupt_enter) for rt_interrupt_enter
    board.o(i.USART3_IRQHandler) refers to stm32f4xx_usart.o(i.USART_GetITStatus) for USART_GetITStatus
    board.o(i.USART3_IRQHandler) refers to stm32f4xx_usart.o(i.USART_GetFlagStatus) for USART_GetFlagStatus
    board.o(i.USART3_IRQHandler) refers to stm32f4xx_usart.o(i.USART_ReceiveData) for USART_ReceiveData
    board.o(i.USART3_IRQHandler) refers to board.o(i.kongzai_lijv) for kongzai_lijv
    board.o(i.USART3_IRQHandler) refers to board.o(i.rt_ringbuffer_putchar) for rt_ringbuffer_putchar
    board.o(i.USART3_IRQHandler) refers to ipc.o(i.rt_sem_release) for rt_sem_release
    board.o(i.USART3_IRQHandler) refers to irq.o(i.rt_interrupt_leave) for rt_interrupt_leave
    board.o(i.USART3_IRQHandler) refers to board.o(.bss) for uart_rxcb
    board.o(i.kongzai_lijv) refers to board.o(.data) for flag1
    board.o(i.return_float) refers to atof.o(i.__hardfp_atof) for __hardfp_atof
    board.o(i.return_float) refers to d2f.o(x$fpl$d2f) for __aeabi_d2f
    board.o(i.return_int) refers to atoi.o(.text) for atoi
    board.o(i.rt_hw_board_init) refers to system_stm32f4xx.o(i.SystemCoreClockUpdate) for SystemCoreClockUpdate
    board.o(i.rt_hw_board_init) refers to board.o(i._SysTick_Config) for _SysTick_Config
    board.o(i.rt_hw_board_init) refers to mem.o(i.rt_system_heap_init) for rt_system_heap_init
    board.o(i.rt_hw_board_init) refers to components.o(i.rt_components_board_init) for rt_components_board_init
    board.o(i.rt_hw_board_init) refers to bsp_all.o(i.BSP_ALL) for BSP_ALL
    board.o(i.rt_hw_board_init) refers to system_stm32f4xx.o(.data) for SystemCoreClock
    board.o(i.rt_hw_console_getchar) refers to ipc.o(i.rt_sem_take) for rt_sem_take
    board.o(i.rt_hw_console_getchar) refers to board.o(i.rt_ringbuffer_getchar) for rt_ringbuffer_getchar
    board.o(i.rt_hw_console_getchar) refers to board.o(.bss) for shell_rx_sem
    board.o(i.rt_hw_console_output) refers to stm32f4xx_usart.o(i.USART_ClearFlag) for USART_ClearFlag
    board.o(i.rt_hw_console_output) refers to kservice.o(i.rt_strlen) for rt_strlen
    board.o(i.rt_hw_console_output) refers to stm32f4xx_usart.o(i.USART_SendData) for USART_SendData
    board.o(i.rt_hw_console_output) refers to stm32f4xx_usart.o(i.USART_GetFlagStatus) for USART_GetFlagStatus
    board.o(i.rt_ringbuffer_getchar) refers to kservice.o(i.rt_assert_handler) for rt_assert_handler
[...]
    __read_errno                             0x08000881   Thumb Code    10  _rserrno.o(.text)
    __set_errno                              0x0800088b   Thumb Code    12  _rserrno.o(.text)
    _printf_int_common                       0x08000897   Thumb Code   178  _printf_intcommon.o(.text)
    _printf_char_file                        0x08000949   Thumb Code    32  _printf_char_file.o(.text)
    __user_libspace                          0x0800096d   Thumb Code     8  libspace.o(.text)
    __user_perproc_libspace                  0x0800096d   Thumb Code     0  libspace.o(.text)
    __user_perthread_libspace                0x0800096d   Thumb Code     0  libspace.o(.text)
    _printf_char_common                      0x0800097f   Thumb Code    32  _printf_char_common.o(.text)
    ferror                                   0x080009a5   Thumb Code     8  ferror.o(.text)
    __user_setup_stackheap                   0x080009ad   Thumb Code    74  sys_stackheap_outer.o(.text)
    exit                                     0x080009f7   Thumb Code    18  exit.o(.text)
    main                                     0x08000a09   Thumb Code    10  components.o(i.$Sub$$main)
    BSP_ALL                                  0x08000a13   Thumb Code    40  bsp_all.o(i.BSP_ALL)
    BusFault_Handler                         0x08000a3b   Thumb Code     4  stm32f4xx_it.o(i.BusFault_Handler)
    CopeSerial2Data                          0x08000a41   Thumb Code   118  driver_usart.o(i.CopeSerial2Data)
    DBUS_Init                                0x08000acd   Thumb Code   288  driver_dbus.o(i.DBUS_Init)
    DBUS_init_2                              0x08000c05   Thumb Code   288  driver_dbus.o(i.DBUS_init_2)
    DMA1_Stream0_IRQHandler                  0x08000d3d   Thumb Code   206  dma.o(i.DMA1_Stream0_IRQHandler)
    DMA_ClearFlag                            0x08000e21   Thumb Code    38  stm32f4xx_dma.o(i.DMA_ClearFlag)
    DMA_ClearITPendingBit                    0x08000e55   Thumb Code    38  stm32f4xx_dma.o(i.DMA_ClearITPendingBit)
    DMA_Cmd                                  0x08000e89   Thumb Code    22  stm32f4xx_dma.o(i.DMA_Cmd)
    DMA_DeInit                               0x08000ea1   Thumb Code   324  stm32f4xx_dma.o(i.DMA_DeInit)
    DMA_GetCmdStatus                         0x08000ff9   Thumb Code    20  stm32f4xx_dma.o(i.DMA_GetCmdStatus)
    DMA_GetITStatus                          0x0800100d   Thumb Code    82  stm32f4xx_dma.o(i.DMA_GetITStatus)
    DMA_ITConfig                             0x08001071   Thumb Code    58  stm32f4xx_dma.o(i.DMA_ITConfig)
    DMA_Init                                 0x080010ad   Thumb Code    82  stm32f4xx_dma.o(i.DMA_Init)
    DebugMon_Handler                         0x08001105   Thumb Code     2  stm32f4xx_it.o(i.DebugMon_Handler)
    GPIO_Init                                0x08001107   Thumb Code   144  stm32f4xx_gpio.o(i.GPIO_Init)
    GPIO_PinAFConfig                         0x08001197   Thumb Code    70  stm32f4xx_gpio.o(i.GPIO_PinAFConfig)
    Initial_USART4                           0x080011dd   Thumb Code   182  driver_usart.o(i.Initial_USART4)
    MemManage_Handler                        0x0800129d   Thumb Code     4  stm32f4xx_it.o(i.MemManage_Handler)
    NMI_Handler                              0x080012a1   Thumb Code     2  stm32f4xx_it.o(i.NMI_Handler)
    NVIC_Configuration                       0x080012a3   Thumb Code    40  board.o(i.NVIC_Configuration)
    NVIC_Init                                0x080012cd   Thumb Code   106  misc.o(i.NVIC_Init)
    NVIC_PriorityGroupConfig                 0x08001345   Thumb Code    10  misc.o(i.NVIC_PriorityGroupConfig)
    RCC_AHB1PeriphClockCmd                   0x08001359   Thumb Code    26  stm32f4xx_rcc.o(i.RCC_AHB1PeriphClockCmd)
    RCC_APB1PeriphClockCmd                   0x08001379   Thumb Code    26  stm32f4xx_rcc.o(i.RCC_APB1PeriphClockCmd)
    RCC_APB1PeriphResetCmd                   0x08001399   Thumb Code    26  stm32f4xx_rcc.o(i.RCC_APB1PeriphResetCmd)
    RCC_APB2PeriphClockCmd                   0x080013b9   Thumb Code    26  stm32f4xx_rcc.o(i.RCC_APB2PeriphClockCmd)
    RCC_APB2PeriphResetCmd                   0x080013d9   Thumb Code    26  stm32f4xx_rcc.o(i.RCC_APB2PeriphResetCmd)
    RCC_GetClocksFreq                        0x080013f9   Thumb Code   214  stm32f4xx_rcc.o(i.RCC_GetClocksFreq)
    SVC_Handler                              0x080014e1   Thumb Code     2  stm32f4xx_it.o(i.SVC_Handler)
    SysTick_Handler                          0x080015d1   Thumb Code    16  board.o(i.SysTick_Handler)
    SystemCoreClockUpdate                    0x080015e1   Thumb Code   170  system_stm32f4xx.o(i.SystemCoreClockUpdate)
    SystemInit                               0x080016a1   Thumb Code    88  system_stm32f4xx.o(i.SystemInit)
    TIM3_IRQHandler                          0x08001709   Thumb Code   178  timer.o(i.TIM3_IRQHandler)
    TIM_ClearITPendingBit                    0x080017c9   Thumb Code     6  stm32f4xx_tim.o(i.TIM_ClearITPendingBit)
    TIM_GetCapture1                          0x080017cf   Thumb Code     6  stm32f4xx_tim.o(i.TIM_GetCapture1)
    TIM_GetITStatus                          0x080017d5   Thumb Code    34  stm32f4xx_tim.o(i.TIM_GetITStatus)
    TIM_OC1PolarityConfig                    0x080017f7   Thumb Code    18  stm32f4xx_tim.o(i.TIM_OC1PolarityConfig)
    TIM_SetCounter                           0x08001809   Thumb Code     4  stm32f4xx_tim.o(i.TIM_SetCounter)
    UART4_IRQHandler                         0x0800180d   Thumb Code   136  driver_usart.o(i.UART4_IRQHandler)
    UART5_DMA_INIT                           0x080018a9   Thumb Code   342  dma.o(i.UART5_DMA_INIT)
    UART5_IRQHandler                         0x08001a19   Thumb Code   130  dma.o(i.UART5_IRQHandler)
    USART1_IRQHandler                        0x08001aa9   Thumb Code   246  driver_dbus.o(i.USART1_IRQHandler)
    USART3_Config                            0x08001bb9   Thumb Code   166  board.o(i.USART3_Config)
    USART3_IRQHandler                        0x08001c81   Thumb Code   102  board.o(i.USART3_IRQHandler)
    USART6_IRQHandler                        0x08001cf5   Thumb Code   286  driver_dbus.o(i.USART6_IRQHandler)
    USART_ClearFlag                          0x08001e2d   Thumb Code    18  stm32f4xx_usart.o(i.USART_ClearFlag)
    USART_ClearITPendingBit                  0x08001e3f   Thumb Code    30  stm32f4xx_usart.o(i.USART_ClearITPendingBit)
    USART_Cmd                                0x08001e5d   Thumb Code    24  stm32f4xx_usart.o(i.USART_Cmd)
    USART_DMACmd                             0x08001e75   Thumb Code    18  stm32f4xx_usart.o(i.USART_DMACmd)
    USART_DeInit                             0x08001e89   Thumb Code   206  stm32f4xx_usart.o(i.USART_DeInit)
    USART_GetFlagStatus                      0x08001f79   Thumb Code    26  stm32f4xx_usart.o(i.USART_GetFlagStatus)
    USART_GetITStatus                        0x08001f93   Thumb Code    84  stm32f4xx_usart.o(i.USART_GetITStatus)
    USART_ITConfig                           0x08001fe7   Thumb Code    74  stm32f4xx_usart.o(i.USART_ITConfig)
    USART_Init                               0x08002031   Thumb Code   204  stm32f4xx_usart.o(i.USART_Init)
    USART_ReceiveData                        0x08002105   Thumb Code    10  stm32f4xx_usart.o(i.USART_ReceiveData)
    USART_SendData                           0x0800210f   Thumb Code     8  stm32f4xx_usart.o(i.USART_SendData)
    UsageFault_Handler                       0x08002117   Thumb Code     4  stm32f4xx_it.o(i.UsageFault_Handler)
    __ARM_fpclassify                         0x0800214d   Thumb Code    48  fpclassify.o(i.__ARM_fpclassify)
    __hardfp_acos                            0x08002181   Thumb Code   738  acos.o(i.__hardfp_acos)
    __hardfp_cos                             0x080024d9   Thumb Code   180  cos.o(i.__hardfp_cos)
    __hardfp_sin                             0x080025a1   Thumb Code   180  sin.o(i.__hardfp_sin)
    __hardfp_sqrt                            0x08002669   Thumb Code   122  sqrt.o(i.__hardfp_sqrt)
    __ieee754_rem_pio2                       0x080026e9   Thumb Code   938  rred.o(i.__ieee754_rem_pio2)
    __kernel_cos                             0x08002b21   Thumb Code   322  cos_i.o(i.__kernel_cos)
    __kernel_poly                            0x08002c91   Thumb Code   248  poly.o(i.__kernel_poly)
    __kernel_sin                             0x08002d89   Thumb Code   280  sin_i.o(i.__kernel_sin)
    __mathlib_dbl_infnan                     0x08002eb9   Thumb Code    20  dunder.o(i.__mathlib_dbl_infnan)
    __mathlib_dbl_invalid                    0x08002ed1   Thumb Code    24  dunder.o(i.__mathlib_dbl_invalid)
    __mathlib_dbl_underflow                  0x08002ef1   Thumb Code    24  dunder.o(i.__mathlib_dbl_underflow)
    __rt_ffs                                 0x08002f11   Thumb Code    70  kservice.o(i.__rt_ffs)
    _sys_exit                                0x0800320f   Thumb Code     4  driver_usart.o(i._sys_exit)
    cmd_free                                 0x08003341   Thumb Code    14  msh.o(i.cmd_free)
    cmd_ps                                   0x0800334f   Thumb Code    14  msh.o(i.cmd_ps)
    crc_ccitt                                0x0800335d   Thumb Code    34  usart_go.o(i.crc_ccitt)
    deng_butai_guiji                         0x08003399   Thumb Code  4664  foot_trajectory.o(i.deng_butai_guiji)
    deng_butai_init                          0x080045d1   Thumb Code    78  foot_trajectory.o(i.deng_butai_init)
    deng_init                                0x08004621   Thumb Code   458  foot_trajectory.o(i.deng_init)
    fabs                                     0x080047f1   Thumb Code    24  fabs.o(i.fabs)
    finsh_get_prompt                         0x08004809   Thumb Code    84  shell.o(i.finsh_get_prompt)
    finsh_set_prompt_mode                    0x08004885   Thumb Code    42  shell.o(i.finsh_set_prompt_mode)
    finsh_system_function_init               0x080048cd   Thumb Code    10  shell.o(i.finsh_system_function_init)
    finsh_system_init                        0x080048e1   Thumb Code   100  shell.o(i.finsh_system_init)
    finsh_thread_entry                       0x0800497d   Thumb Code  1250  shell.o(i.finsh_thread_entry)
    fputc                                    0x08004e69   Thumb Code    26  driver_usart.o(i.fputc)
    gait_deng                                0x08004e8d   Thumb Code   810  foot_trajectory.o(i.gait_deng)
    hello                                    0x08005241   Thumb Code    12  cmd.o(i.hello)
    jiao_zero                                0x08005261   Thumb Code    18  usart_go.o(i.jiao_zero)
    kongzai_lijv                             0x0800527d   Thumb Code   248  board.o(i.kongzai_lijv)
    list                                     0x08005391   Thumb Code    54  cmd.o(i.list)
    list_event                               0x080053f9   Thumb Code   204  cmd.o(i.list_event)
    list_mailbox                             0x080055f1   Thumb Code   224  cmd.o(i.list_mailbox)
    list_mem                                 0x0800574d   Thumb Code    34  mem.o(i.list_mem)
    list_msgqueue                            0x080057c5   Thumb Code   216  cmd.o(i.list_msgqueue)
    list_mutex                               0x08005909   Thumb Code   168  cmd.o(i.list_mutex)
    list_sem                                 0x08005a15   Thumb Code   216  cmd.o(i.list_sem)
    list_thread                              0x08005b4d   Thumb Code   294  cmd.o(i.list_thread)
    list_timer                               0x08005d31   Thumb Code   190  cmd.o(i.list_timer)
    $Super$$main                             0x08005e91   Thumb Code   150  main.o(i.main)
    main_thread_entry                        0x08005f61   Thumb Code    14  components.o(i.main_thread_entry)
    mathematicalmodelparallel_contrary_corner1 0x08005f71   Thumb Code   318  mathematicalmadel.o(i.mathematicalmodelparallel_contrary_corner1)
    mathematicalmodelparallel_contrary_corner2 0x080060b9   Thumb Code   318  mathematicalmadel.o(i.mathematicalmodelparallel_contrary_corner2)
    motor_send                               0x080062e9   Thumb Code   332  usart_go.o(i.motor_send)
    motor_set                                0x0800644d   Thumb Code    22  usart_go.o(i.motor_set)
    msh_auto_complete                        0x08006465   Thumb Code   138  msh.o(i.msh_auto_complete)
    msh_exec                                 0x08006505   Thumb Code    82  msh.o(i.msh_exec)
    msh_help                                 0x080065cd   Thumb Code    66  msh.o(i.msh_help)
    msh_is_used                              0x0800664d   Thumb Code     4  msh.o(i.msh_is_used)
    pa_init                                  0x0800675d   Thumb Code    42  dma.o(i.pa_init)
    rad_zhengfu_deng                         0x08006a31   Thumb Code   854  usart_go.o(i.rad_zhengfu_deng)
    rc_init                                  0x08006d8d   Thumb Code    18  dma.o(i.rc_init)
    remote_control_init                      0x08006da5   Thumb Code     8  driver_dbus.o(i.remote_control_init)
    remote_control_init2                     0x08006dad   Thumb Code     8  driver_dbus.o(i.remote_control_init2)
    rt_application_init                      0x08006db5   Thumb Code    46  components.o(i.rt_application_init)
    rt_assert_handler                        0x08006e05   Thumb Code    56  kservice.o(i.rt_assert_handler)
    rt_calloc                                0x08006e79   Thumb Code    34  mem.o(i.rt_calloc)
    rt_components_board_init                 0x08006e9d   Thumb Code    20  components.o(i.rt_components_board_init)
    rt_components_init                       0x08006eb9   Thumb Code    20  components.o(i.rt_components_init)
    rt_enter_critical                        0x08006ed5   Thumb Code    28  scheduler.o(i.rt_enter_critical)
    rt_exit_critical                         0x08006ef5   Thumb Code    60  scheduler.o(i.rt_exit_critical)
    rt_free                                  0x08006f39   Thumb Code   278  mem.o(i.rt_free)
    rt_hw_board_init                         0x08007141   Thumb Code    58  board.o(i.rt_hw_board_init)
    rt_hw_console_getchar                    0x08007189   Thumb Code    36  board.o(i.rt_hw_console_getchar)
    rt_hw_console_output                     0x080071b5   Thumb Code    92  board.o(i.rt_hw_console_output)
    rt_hw_hard_fault_exception               0x08007215   Thumb Code   220  cpuport.o(i.rt_hw_hard_fault_exception)
    rt_hw_stack_init                         0x08007441   Thumb Code    74  cpuport.o(i.rt_hw_stack_init)
    rt_interrupt_enter                       0x08007491   Thumb Code    46  irq.o(i.rt_interrupt_enter)
    rt_interrupt_get_nest                    0x080074c9   Thumb Code    22  irq.o(i.rt_interrupt_get_nest)
    rt_interrupt_leave                       0x080074e5   Thumb Code    46  irq.o(i.rt_interrupt_leave)
    rt_kprintf                               0x080075b5   Thumb Code    44  kservice.o(i.rt_kprintf)
    rt_malloc                                0x080076a9   Thumb Code   522  mem.o(i.rt_malloc)
    rt_memmove                               0x08007965   Thumb Code    66  kservice.o(i.rt_memmove)
    rt_memset                                0x080079a7   Thumb Code    72  kservice.o(i.rt_memset)
    rt_object_allocate                       0x080079f1   Thumb Code   158  object.o(i.rt_object_allocate)
    rt_object_delete                         0x08007add   Thumb Code    88  object.o(i.rt_object_delete)
    rt_object_detach                         0x08007b7d   Thumb Code    62  object.o(i.rt_object_detach)
    rt_object_get_information                0x08007bd9   Thumb Code    36  object.o(i.rt_object_get_information)
    rt_object_get_type                       0x08007c01   Thumb Code    26  object.o(i.rt_object_get_type)
    rt_object_init                           0x08007c35   Thumb Code   140  object.o(i.rt_object_init)
    rt_object_is_systemobject                0x08007cf1   Thumb Code    34  object.o(i.rt_object_is_systemobject)
    rt_ringbuffer_data_len                   0x08007d2d   Thumb Code   108  board.o(i.rt_ringbuffer_data_len)
    rt_ringbuffer_getchar                    0x08007d99   Thumb Code   100  board.o(i.rt_ringbuffer_getchar)
    rt_ringbuffer_init                       0x08007e11   Thumb Code    80  board.o(i.rt_ringbuffer_init)
    rt_ringbuffer_putchar                    0x08007e81   Thumb Code   102  board.o(i.rt_ringbuffer_putchar)
    rt_schedule                              0x08007efd   Thumb Code   300  scheduler.o(i.rt_schedule)
    rt_schedule_insert_thread                0x08008041   Thumb Code   118  scheduler.o(i.rt_schedule_insert_thread)
    rt_schedule_remove_thread                0x080080dd   Thumb Code    94  scheduler.o(i.rt_schedule_remove_thread)
    rt_sem_init                              0x0800815d   Thumb Code    66  ipc.o(i.rt_sem_init)
    rt_sem_release                           0x080081c9   Thumb Code   140  ipc.o(i.rt_sem_release)
    rt_sem_take                              0x08008271   Thumb Code   288  ipc.o(i.rt_sem_take)
    rt_show_version                          0x08008415   Thumb Code    38  kservice.o(i.rt_show_version)
    rt_sprintf                               0x080084c5   Thumb Code    34  kservice.o(i.rt_sprintf)
    rt_strlen                                0x080084e7   Thumb Code    18  kservice.o(i.rt_strlen)
    rt_strncpy                               0x080084f9   Thumb Code    52  kservice.o(i.rt_strncpy)
    rt_system_heap_init                      0x0800852d   Thumb Code   204  mem.o(i.rt_system_heap_init)
    rt_system_scheduler_init                 0x08008681   Thumb Code    46  scheduler.o(i.rt_system_scheduler_init)
    rt_system_scheduler_start                0x080086c1   Thumb Code    36  scheduler.o(i.rt_system_scheduler_start)
    rt_system_timer_init                     0x080086e9   Thumb Code    24  timer_1.o(i.rt_system_timer_init)
    rt_system_timer_thread_init              0x08008705   Thumb Code     2  timer_1.o(i.rt_system_timer_thread_init)
    rt_thread_create                         0x08008707   Thumb Code    80  thread.o(i.rt_thread_create)
    rt_thread_exit                           0x08008759   Thumb Code    80  thread.o(i.rt_thread_exit)
    rt_thread_idle_excute                    0x080087d5   Thumb Code   132  idle.o(i.rt_thread_idle_excute)
    rt_thread_idle_init                      0x0800888d   Thumb Code    74  idle.o(i.rt_thread_idle_init)
    rt_thread_init                           0x080088ed   Thumb Code    78  thread.o(i.rt_thread_init)
    rt_thread_mdelay                         0x0800896d   Thumb Code    20  thread.o(i.rt_thread_mdelay)
    rt_thread_resume                         0x08008981   Thumb Code   122  thread.o(i.rt_thread_resume)
    rt_thread_self                           0x08008a1d   Thumb Code     6  thread.o(i.rt_thread_self)
    rt_thread_sleep                          0x08008a29   Thumb Code   100  thread.o(i.rt_thread_sleep)
    rt_thread_startup                        0x08008aa9   Thumb Code   110  thread.o(i.rt_thread_startup)
    rt_thread_suspend                        0x08008b6d   Thumb Code   158  thread.o(i.rt_thread_suspend)
    rt_thread_timeout                        0x08008c49   Thumb Code    92  thread.o(i.rt_thread_timeout)
    rt_tick_from_millisecond                 0x08008cfd   Thumb Code    56  clock.o(i.rt_tick_from_millisecond)
    rt_tick_get                              0x08008d35   Thumb Code     6  clock.o(i.rt_tick_get)
    rt_tick_increase                         0x08008d41   Thumb Code    54  clock.o(i.rt_tick_increase)
    rt_timer_check                           0x08008d7d   Thumb Code   210  timer_1.o(i.rt_timer_check)
    rt_timer_control                         0x08008e5d   Thumb Code   134  timer_1.o(i.rt_timer_control)
    rt_timer_detach                          0x08008f39   Thumb Code    90  timer_1.o(i.rt_timer_detach)
    rt_timer_init                            0x08009015   Thumb Code    58  timer_1.o(i.rt_timer_init)
    rt_timer_start                           0x08009069   Thumb Code   302  timer_1.o(i.rt_timer_start)
    rt_timer_stop                            0x0800921d   Thumb Code   102  timer_1.o(i.rt_timer_stop)
    rt_vsnprintf                             0x080092dd   Thumb Code   808  kservice.o(i.rt_vsnprintf)
    rt_vsprintf                              0x0800960d   Thumb Code    22  kservice.o(i.rt_vsprintf)
    rtthread_startup                         0x08009633   Thumb Code    42  components.o(i.rtthread_startup)
    sqrt                                     0x080097f3   Thumb Code   110  sqrt.o(i.sqrt)
    thread_entry1                            0x08009881   Thumb Code   134  app_thread.o(i.thread_entry1)
    thread_entry2                            0x08009925   Thumb Code    10  app_thread.o(i.thread_entry2)
    thread_entry3                            0x08009931   Thumb Code    50  app_thread.o(i.thread_entry3)
    timeout1                                 0x08009981   Thumb Code    64  app_thread.o(i.timeout1)
    version                                  0x08009ab5   Thumb Code    10  cmd.o(i.version)
    __aeabi_dneg                             0x08009abf   Thumb Code     0  basic.o(x$fpl$basic)
    _dneg                                    0x08009abf   Thumb Code     6  basic.o(x$fpl$basic)
    __aeabi_fneg                             0x08009ac5   Thumb Code     0  basic.o(x$fpl$basic)
    _fneg                                    0x08009ac5   Thumb Code     6  basic.o(x$fpl$basic)
    _dabs                                    0x08009acb   Thumb Code     6  basic.o(x$fpl$basic)
    _fabs                                    0x08009ad1   Thumb Code     6  basic.o(x$fpl$basic)
    __aeabi_d2f                              0x08009ad9   Thumb Code     0  d2f.o(x$fpl$d2f)
    _d2f                                     0x08009ad9   Thumb Code    98  d2f.o(x$fpl$d2f)
    __aeabi_dadd                             0x08009b3d   Thumb Code     0  daddsub_clz.o(x$fpl$dadd)
    _dadd                                    0x08009b3d   Thumb Code   332  daddsub_clz.o(x$fpl$dadd)
    __aeabi_ddiv                             0x08009c8d   Thumb Code     0  ddiv.o(x$fpl$ddiv)
    _ddiv                                    0x08009c8d   Thumb Code   552  ddiv.o(x$fpl$ddiv)
    __aeabi_d2iz                             0x08009f3d   Thumb Code     0  dfix.o(x$fpl$dfix)
    _dfix                                    0x08009f3d   Thumb Code    94  dfix.o(x$fpl$dfix)
    __aeabi_i2d                              0x08009f9b   Thumb Code     0  dflt_clz.o(x$fpl$dflt)
    _dflt                                    0x08009f9b   Thumb Code    46  dflt_clz.o(x$fpl$dflt)
    __aeabi_ui2d                             0x08009fc9   Thumb Code     0  dflt_clz.o(x$fpl$dfltu)
    _dfltu                                   0x08009fc9   Thumb Code    38  dflt_clz.o(x$fpl$dfltu)
    __aeabi_dmul                             0x08009ff1   Thumb Code     0  dmul.o(x$fpl$dmul)
    _dmul                                    0x08009ff1   Thumb Code   332  dmul.o(x$fpl$dmul)
    __fpl_dnaninf                            0x0800a145   Thumb Code   156  dnaninf.o(x$fpl$dnaninf)
    __fpl_dretinf                            0x0800a1e1   Thumb Code    12  dretinf.o(x$fpl$dretinf)
    __aeabi_drsub                            0x0800a1ed   Thumb Code     0  daddsub_clz.o(x$fpl$drsb)
    _drsb                                    0x0800a1ed   Thumb Code    22  daddsub_clz.o(x$fpl$drsb)
    _dsqrt                                   0x0800a205   Thumb Code   404  dsqrt_umaal.o(x$fpl$dsqrt)
    __aeabi_dsub                             0x0800a39d   Thumb Code     0  daddsub_clz.o(x$fpl$dsub)
    _dsub                                    0x0800a39d   Thumb Code   464  daddsub_clz.o(x$fpl$dsub)
    __aeabi_f2d                              0x0800a571   Thumb Code     0  f2d.o(x$fpl$f2d)
    _f2d                                     0x0800a571   Thumb Code    86  f2d.o(x$fpl$f2d)
    __fpl_fnaninf                            0x0800a5c7   Thumb Code   140  fnaninf.o(x$fpl$fnaninf)
    _fp_init                                 0x0800a653   Thumb Code    10  fpinit.o(x$fpl$fpinit)
    __fplib_config_fpu_vfp                   0x0800a65b   Thumb Code     0  fpinit.o(x$fpl$fpinit)
    __fplib_config_pureend_doubles           0x0800a65b   Thumb Code     0  fpinit.o(x$fpl$fpinit)
    __fpl_fretinf                            0x0800a65d   Thumb Code    10  fretinf.o(x$fpl$fretinf)
    __I$use$fp                               0x0800a666   Number         0  usenofp.o(x$fpl$usenofp)
    crc_ccitt_table                          0x0800a6a6   Data         512  usart_go.o(.constdata)
    __lowest_bit_bitmap                      0x0800aad9   Data         256  kservice.o(.constdata)
    __fsym_list_mem_name                     0x0800b1ac   Data           9  mem.o(.rodata.name)
    __fsym_list_mem_desc                     0x0800b1b5   Data          30  mem.o(.rodata.name)
    __fsym_hello_name                        0x0800b1d3   Data           6  cmd.o(.rodata.name)
    __fsym_hello_desc                        0x0800b1d9   Data          16  cmd.o(.rodata.name)
    __fsym_clear_name                        0x0800b1e9   Data           6  cmd.o(.rodata.name)
    __fsym_clear_desc                        0x0800b1ef   Data          26  cmd.o(.rodata.name)
    __fsym___cmd_clear_name                  0x0800b209   Data          12  cmd.o(.rodata.name)
    __fsym___cmd_clear_desc                  0x0800b215   Data          26  cmd.o(.rodata.name)
    __fsym_version_name                      0x0800b22f   Data           8  cmd.o(.rodata.name)
    __fsym_version_desc                      0x0800b237   Data          35  cmd.o(.rodata.name)
    __fsym___cmd_version_name                0x0800b25a   Data          14  cmd.o(.rodata.name)
    __fsym___cmd_version_desc                0x0800b268   Data          35  cmd.o(.rodata.name)
    __fsym_list_thread_name                  0x0800b28b   Data          12  cmd.o(.rodata.name)
    __fsym_list_thread_desc                  0x0800b297   Data          12  cmd.o(.rodata.name)
    __fsym___cmd_list_thread_name            0x0800b2a3   Data          18  cmd.o(.rodata.name)
    __fsym___cmd_list_thread_desc            0x0800b2b5   Data          12  cmd.o(.rodata.name)
    __fsym_list_sem_name                     0x0800b2c1   Data           9  cmd.o(.rodata.name)
    __fsym_list_sem_desc                     0x0800b2ca   Data          25  cmd.o(.rodata.name)
    __fsym___cmd_list_sem_name               0x0800b2e3   Data          15  cmd.o(.rodata.name)
    __fsym___cmd_list_sem_desc               0x0800b2f2   Data          25  cmd.o(.rodata.name)
    __fsym_list_event_name                   0x0800b30b   Data          11  cmd.o(.rodata.name)
    __fsym_list_event_desc                   0x0800b316   Data          21  cmd.o(.rodata.name)
    __fsym___cmd_list_event_name             0x0800b32b   Data          17  cmd.o(.rodata.name)
    __fsym___cmd_list_event_desc             0x0800b33c   Data          21  cmd.o(.rodata.name)
    __fsym_list_mutex_name                   0x0800b351   Data          11  cmd.o(.rodata.name)
    __fsym_list_mutex_desc                   0x0800b35c   Data          21  cmd.o(.rodata.name)
    __fsym___cmd_list_mutex_name             0x0800b371   Data          17  cmd.o(.rodata.name)
    __fsym___cmd_list_mutex_desc             0x0800b382   Data          21  cmd.o(.rodata.name)
    __fsym_list_mailbox_name                 0x0800b397   Data          13  cmd.o(.rodata.name)
    __fsym_list_mailbox_desc                 0x0800b3a4   Data          24  cmd.o(.rodata.name)
    __fsym___cmd_list_mailbox_name           0x0800b3bc   Data          19  cmd.o(.rodata.name)
    __fsym___cmd_list_mailbox_desc           0x0800b3cf   Data          24  cmd.o(.rodata.name)
    __fsym_list_msgqueue_name                0x0800b3e7   Data          14  cmd.o(.rodata.name)
    __fsym_list_msgqueue_desc                0x0800b3f5   Data          29  cmd.o(.rodata.name)
    __fsym___cmd_list_msgqueue_name          0x0800b412   Data          20  cmd.o(.rodata.name)
    __fsym___cmd_list_msgqueue_desc          0x0800b426   Data          29  cmd.o(.rodata.name)
    __fsym_list_timer_name                   0x0800b443   Data          11  cmd.o(.rodata.name)
    __fsym_list_timer_desc                   0x0800b44e   Data          21  cmd.o(.rodata.name)
    __fsym___cmd_list_timer_name             0x0800b463   Data          17  cmd.o(.rodata.name)
    __fsym___cmd_list_timer_desc             0x0800b474   Data          21  cmd.o(.rodata.name)
    __fsym_list_name                         0x0800b489   Data           5  cmd.o(.rodata.name)
    __fsym_list_desc                         0x0800b48e   Data          26  cmd.o(.rodata.name)
    __fsym___cmd_help_name                   0x0800b4a8   Data          11  msh.o(.rodata.name)
    __fsym___cmd_help_desc                   0x0800b4b3   Data          22  msh.o(.rodata.name)
    __fsym___cmd_ps_name                     0x0800b4c9   Data           9  msh.o(.rodata.name)
    __fsym___cmd_ps_desc                     0x0800b4d2   Data          28  msh.o(.rodata.name)
    __fsym___cmd_free_name                   0x0800b4ee   Data          11  msh.o(.rodata.name)
    __fsym___cmd_free_desc                   0x0800b4f9   Data          37  msh.o(.rodata.name)
    __rt_init_rti_start                      0x0800b520   Data           4  components.o(.rti_fn.0)
    __rt_init_rti_board_start                0x0800b524   Data           4  components.o(.rti_fn.0.end)
    __rt_init_rti_board_end                  0x0800b528   Data           4  components.o(.rti_fn.1.end)
    __rt_init_finsh_system_init              0x0800b52c   Data           4  shell.o(.rti_fn.6)
    __rt_init_rti_end                        0x0800b530   Data           4  components.o(.rti_fn.6.end)
    FSymTab$$Base                            0x0800b534   Number         0  mem.o(FSymTab)
    __fsym_list_mem                          0x0800b534   Data          12  mem.o(FSymTab)
    __fsym_hello                             0x0800b540   Data          12  cmd.o(FSymTab)
    __fsym_clear                             0x0800b54c   Data          12  cmd.o(FSymTab)
    __fsym___cmd_clear                       0x0800b558   Data          12  cmd.o(FSymTab)
    __fsym_version                           0x0800b564   Data          12  cmd.o(FSymTab)
    __fsym___cmd_version                     0x0800b570   Data          12  cmd.o(FSymTab)
    __fsym_list_thread                       0x0800b57c   Data          12  cmd.o(FSymTab)
    __fsym___cmd_list_thread                 0x0800b588   Data          12  cmd.o(FSymTab)
    __fsym_list_sem                          0x0800b594   Data          12  cmd.o(FSymTab)
    __fsym___cmd_list_sem                    0x0800b5a0   Data          12  cmd.o(FSymTab)
    __fsym_list_event                        0x0800b5ac   Data          12  cmd.o(FSymTab)
    __fsym___cmd_list_event                  0x0800b5b8   Data          12  cmd.o(FSymTab)
    __fsym_list_mutex                        0x0800b5c4   Data          12  cmd.o(FSymTab)
    __fsym___cmd_list_mutex                  0x0800b5d0   Data          12  cmd.o(FSymTab)
    __fsym_list_mailbox                      0x0800b5dc   Data          12  cmd.o(FSymTab)
    __fsym___cmd_list_mailbox                0x0800b5e8   Data          12  cmd.o(FSymTab)
    __fsym_list_msgqueue                     0x0800b5f4   Data          12  cmd.o(FSymTab)
    __fsym___cmd_list_msgqueue               0x0800b600   Data          12  cmd.o(FSymTab)
    __fsym_list_timer                        0x0800b60c   Data          12  cmd.o(FSymTab)
    __fsym___cmd_list_timer                  0x0800b618   Data          12  cmd.o(FSymTab)
    __fsym_list                              0x0800b624   Data          12  cmd.o(FSymTab)
    __fsym___cmd_help                        0x0800b630   Data          12  msh.o(FSymTab)
    __fsym___cmd_ps                          0x0800b63c   Data          12  msh.o(FSymTab)
    __fsym___cmd_free                        0x0800b648   Data          12  msh.o(FSymTab)
    FSymTab$$Limit                           0x0800b654   Number         0  msh.o(FSymTab)
    Region$$Table$$Base                      0x0800b654   Number         0  anon$$obj.o(Region$$Table)
    Region$$Table$$Limit                     0x0800b674   Number         0  anon$$obj.o(Region$$Table)
    tid                                      0x20000000   Data           4  main.o(.data)
    Test_Set                                 0x20000004   Data           4  board.o(.data)
    Test_P                                   0x20000008   Data           4  board.o(.data)
    Test_I                                   0x2000000c   Data           4  board.o(.data)
    Test_D                                   0x20000010   Data           4  board.o(.data)
    flag1                                    0x20000014   Data           4  board.o(.data)
    flag2                                    0x20000018   Data           4  board.o(.data)
    nm1                                      0x2000001c   Data           4  board.o(.data)
    nm2                                      0x20000020   Data           4  board.o(.data)
    nm3                                      0x20000024   Data           4  board.o(.data)
    nm4                                      0x20000028   Data           4  board.o(.data)
    x                                        0x2000002c   Data           4  board.o(.data)
    temp_buff                                0x20000034   Data           8  driver_usart.o(.data)
    uart_flag                                0x2000003c   Data           1  driver_usart.o(.data)
    slave_X                                  0x2000003e   Data           2  driver_usart.o(.data)
    slave_Y                                  0x20000040   Data           2  driver_usart.o(.data)
    slave_ERR                                0x20000042   Data           2  driver_usart.o(.data)
    __stdout                                 0x20000044   Data           4  driver_usart.o(.data)
    __stdin                                  0x20000048   Data           4  driver_usart.o(.data)
    stcAcc                                   0x2000004c   Data           8  driver_usart.o(.data)
    stcGyro                                  0x20000054   Data           8  driver_usart.o(.data)
    stcAngle                                 0x2000005c   Data           8  driver_usart.o(.data)
    YAWCMD                                   0x20000064   Data           3  driver_usart.o(.data)
    ACCCMD                                   0x20000067   Data           3  driver_usart.o(.data)
    SLEEPCMD                                 0x2000006a   Data           3  driver_usart.o(.data)
    UARTMODECMD                              0x2000006d   Data           3  driver_usart.o(.data)
    IICMODECMD                               0x20000070   Data           3  driver_usart.o(.data)
    cmdopen                                  0x20000073   Data           5  driver_usart.o(.data)
    cmdzero                                  0x20000078   Data           5  driver_usart.o(.data)
    d                                        0x20000080   Data           4  driver_usart.o(.data)
    flag_zero_1                              0x20000088   Data           4  driver_dbus.o(.data)
    flag_zero_2                              0x2000008c   Data           4  driver_dbus.o(.data)
    flag_zero                                0x20000090   Data           4  driver_dbus.o(.data)
    TIM3CH1_CAPTURE_STA                      0x20000094   Data           1  timer.o(.data)
    TIM3CH1_CAPTURE_VAL                      0x20000096   Data           2  timer.o(.data)
    UART5_RX_STA                             0x20000098   Data           2  dma.o(.data)
    SystemCoreClock                          0x2000009c   Data           4  system_stm32f4xx.o(.data)
    AHBPrescTable                            0x200000a0   Data          16  system_stm32f4xx.o(.data)
    rt_interrupt_nest                        0x200000cc   Data           1  irq.o(.data)
    rt_assert_hook                           0x200000d4   Data           4  kservice.o(.data)
    rt_object_trytake_hook                   0x20000170   Data           4  object.o(.data)
    rt_object_take_hook                      0x20000174   Data           4  object.o(.data)
    rt_object_put_hook                       0x20000178   Data           4  object.o(.data)
    rt_thread_ready_priority_group           0x2000017c   Data           4  scheduler.o(.data)
    rt_current_thread                        0x20000184   Data           4  scheduler.o(.data)
    rt_current_priority                      0x20000188   Data           1  scheduler.o(.data)
    rt_thread_defunct                        0x2000018c   Data           8  scheduler.o(.data)
    _syscall_table_begin                     0x200001b8   Data           4  shell.o(.data)
    _syscall_table_end                       0x200001bc   Data           4  shell.o(.data)
    _sysvar_table_begin                      0x200001c0   Data           4  shell.o(.data)
    _sysvar_table_end                        0x200001c4   Data           4  shell.o(.data)
    shell                                    0x200001c8   Data           4  shell.o(.data)
    rt_interrupt_from_thread                 0x200001d0   Data           4  cpuport.o(.data)
    rt_interrupt_to_thread                   0x200001d4   Data           4  cpuport.o(.data)
    rt_thread_switch_interrupt_flag          0x200001d8   Data           4  cpuport.o(.data)
    timer1                                   0x200001e0   Data          44  main.o(.bss)
    timer2                                   0x2000020c   Data          44  main.o(.bss)
    timer3                                   0x20000238   Data          44  main.o(.bss)
    timer4                                   0x20000264   Data          44  main.o(.bss)
    uart_rx_buf                              0x20000290   Data          16  board.o(.bss)
    uart_rxcb                                0x200002a0   Data          12  board.o(.bss)
    DMA_InitStructure                        0x200005c8   Data          60  driver_dbus.o(.bss)
    motor_buffer6                            0x20000604   Data          16  driver_dbus.o(.bss)
    motor_buffer1                            0x20000614   Data          16  driver_dbus.o(.bss)
    motor_receive_go8                        0x20000624   Data         128  usart_go.o(.bss)
    motor_send_go8                           0x200006a4   Data         136  usart_go.o(.bss)
    motor_SET                                0x2000072c   Data         136  usart_go.o(.bss)
    index1                                   0x200007b4   Data          32  usart_go.o(.bss)
    last_angle                               0x200007d4   Data          32  usart_go.o(.bss)
    a_init                                   0x200007f4   Data          32  usart_go.o(.bss)
    rc_control                               0x20000814   Data          10  dma.o(.bss)
    dma_memory                               0x2000081e   Data          18  dma.o(.bss)
    UART5_RX_BUF                             0x20000830   Data         200  dma.o(.bss)
    motor1                                   0x200008f8   Data         136  app_thread.o(.bss)
    rhy1_1                                   0x20000980   Data          20  app_thread.o(.bss)
    rhy2_2                                   0x20000994   Data          20  app_thread.o(.bss)
    leg_d                                    0x200009a8   Data         232  app_thread.o(.bss)
    rt_thread_priority_table                 0x20000cc0   Data         256  scheduler.o(.bss)
    __libspace_start                         0x20000e44   Data          96  libspace.o(.bss)
    __temporary_stack_top$libspace           0x20000ea4   Data           0  libspace.o(.bss)
    Image$$RW_IRAM1$$ZI$$Limit               0x200014a8   Number         0  anon$$obj.o ABSOLUTE



==============================================================================

Memory Map of the image

  Image Entry point : 0x08000189

  Load Region LR_IROM1 (Base: 0x08000000, Size: 0x0000b854, Max: 0x00100000, ABSOLUTE, COMPRESSED[0x0000b6e8])

    Execution Region ER_IROM1 (Exec base: 0x08000000, Load base: 0x08000000, Size: 0x0000b674, Max: 0x00100000, ABSOLUTE)

    Exec Addr    Load Addr    Size         Type   Attr      Idx    E Section Name        Object

    0x08000000   0x08000000   0x00000188   Data   RO         1167    RESET               startup_stm32f40_41xxx.o
    0x08000188   0x08000188   0x00000008   Code   RO         7706  * !!!main             c_w.l(__main.o)
    0x08000190   0x08000190   0x00000034   Code   RO         8137    !!!scatter          c_w.l(__scatter.o)
    0x080001c4   0x080001c4   0x0000005a   Code   RO         8135    !!dczerorl2         c_w.l(__dczerorl2.o)
    0x0800021e   0x0800021e   0x00000002   PAD
    0x08000220   0x08000220   0x0000001c   Code   RO         8139    !!handler_zi        c_w.l(__scatter_zi.o)
    0x0800023c   0x0800023c   0x00000000   Code   RO         7679    .ARM.Collect$$_printf_percent$$00000000  c_w.l(_printf_percent.o)
    0x0800023c   0x0800023c   0x00000006   Code   RO         7678    .ARM.Collect$$_printf_percent$$00000009  c_w.l(_printf_d.o)
    0x08000242   0x08000242   0x00000004   Code   RO         7792    .ARM.Collect$$_printf_percent$$00000017  c_w.l(_printf_percent_end.o)
    0x08000246   0x08000246   0x00000002   Code   RO         7924    .ARM.Collect$$libinit$$00000000  c_w.l(libinit.o)
    0x08000248   0x08000248   0x00000004   Code   RO         7925    .ARM.Collect$$libinit$$00000001  c_w.l(libinit2.o)
    0x0800024c   0x0800024c   0x00000000   Code   RO         7928    .ARM.Collect$$libinit$$00000004  c_w.l(libinit2.o)
    0x0800024c   0x0800024c   0x00000000   Code   RO         7931    .ARM.Collect$$libinit$$0000000A  c_w.l(libinit2.o)
    0x0800024c   0x0800024c   0x00000000   Code   RO         7933    .ARM.Collect$$libinit$$0000000C  c_w.l(libinit2.o)
    0x0800024c   0x0800024c   0x00000000   Code   RO         7935    .ARM.Collect$$libinit$$0000000E  c_w.l(libinit2.o)
    0x0800024c   0x0800024c   0x00000000   Code   RO         7938    .ARM.Collect$$libinit$$00000011  c_w.l(libinit2.o)
    0x0800024c   0x0800024c   0x00000000   Code   RO         7940    .ARM.Collect$$libinit$$00000013  c_w.l(libinit2.o)
    0x0800024c   0x0800024c   0x00000000   Code   RO         7942    .ARM.Collect$$libinit$$00000015  c_w.l(libinit2.o)
    0x0800024c   0x0800024c   0x00000000   Code   RO         7944    .ARM.Collect$$libinit$$00000017  c_w.l(libinit2.o)
    0x0800024c   0x0800024c   0x00000000   Code   RO         7946    .ARM.Collect$$libinit$$00000019  c_w.l(libinit2.o)
    0x0800024c   0x0800024c   0x00000000   Code   RO         7948    .ARM.Collect$$libinit$$0000001B  c_w.l(libinit2.o)
    0x0800024c   0x0800024c   0x00000000   Code   RO         7950    .ARM.Collect$$libinit$$0000001D  c_w.l(libinit2.o)
    0x0800024c   0x0800024c   0x00000000   Code   RO         7952    .ARM.Collect$$libinit$$0000001F  c_w.l(libinit2.o)
    0x0800024c   0x0800024c   0x00000000   Code   RO         7954    .ARM.Collect$$libinit$$00000021  c_w.l(libinit2.o)
    0x0800024c   0x0800024c   0x00000000   Code   RO         7956    .ARM.Collect$$libinit$$00000023  c_w.l(libinit2.o)
    0x0800024c   0x0800024c   0x00000000   Code   RO         7958    .ARM.Collect$$libinit$$00000025  c_w.l(libinit2.o)
    0x0800024c   0x0800024c   0x00000000   Code   RO         7962    .ARM.Collect$$libinit$$0000002C  c_w.l(libinit2.o)
    0x0800024c   0x0800024c   0x00000000   Code   RO         7964    .ARM.Collect$$libinit$$0000002E  c_w.l(libinit2.o)
    0x0800024c   0x0800024c   0x00000000   Code   RO         7966    .ARM.Collect$$libinit$$00000030  c_w.l(libinit2.o)
    0x0800024c   0x0800024c   0x00000000   Code   RO         7968    .ARM.Collect$$libinit$$00000032  c_w.l(libinit2.o)
    0x0800024c   0x0800024c   0x00000002   Code   RO         7969    .ARM.Collect$$libinit$$00000033  c_w.l(libinit2.o)
    0x0800024e   0x0800024e   0x00000002   Code   RO         8058    .ARM.Collect$$libshutdown$$00000000  c_w.l(libshutdown.o)
    0x08000250   0x08000250   0x00000000   Code   RO         8085    .ARM.Collect$$libshutdown$$00000002  c_w.l(libshutdown2.o)
    0x08000250   0x08000250   0x00000000   Code   RO         8087    .ARM.Collect$$libshutdown$$00000004  c_w.l(libshutdown2.o)
    0x08000250   0x08000250   0x00000000   Code   RO         8090    .ARM.Collect$$libshutdown$$00000007  c_w.l(libshutdown2.o)
    0x08000250   0x08000250   0x00000000   Code   RO         8093    .ARM.Collect$$libshutdown$$0000000A  c_w.l(libshutdown2.o)
    0x08000250   0x08000250   0x00000000   Code   RO         8095    .ARM.Collect$$libshutdown$$0000000C  c_w.l(libshutdown2.o)
    0x08000250   0x08000250   0x00000000   Code   RO         8098    .ARM.Collect$$libshutdown$$0000000F  c_w.l(libshutdown2.o)
    0x08000250   0x08000250   0x00000002   Code   RO         8099    .ARM.Collect$$libshutdown$$00000010  c_w.l(libshutdown2.o)
    0x08000252   0x08000252   0x00000000   Code   RO         7780    .ARM.Collect$$rtentry$$00000000  c_w.l(__rtentry.o)
    0x08000252   0x08000252   0x00000000   Code   RO         7846    .ARM.Collect$$rtentry$$00000002  c_w.l(__rtentry2.o)
    0x08000252   0x08000252   0x00000006   Code   RO         7858    .ARM.Collect$$rtentry$$00000004  c_w.l(__rtentry4.o)
    0x08000258   0x08000258   0x00000000   Code   RO         7848    .ARM.Collect$$rtentry$$00000009  c_w.l(__rtentry2.o)
    0x08000258   0x08000258   0x00000004   Code   RO         7849    .ARM.Collect$$rtentry$$0000000A  c_w.l(__rtentry2.o)
    0x0800025c   0x0800025c   0x00000000   Code   RO         7851    .ARM.Collect$$rtentry$$0000000C  c_w.l(__rtentry2.o)
    0x0800025c   0x0800025c   0x00000008   Code   RO         7852    .ARM.Collect$$rtentry$$0000000D  c_w.l(__rtentry2.o)
    0x08000264   0x08000264   0x00000002   Code   RO         7970    .ARM.Collect$$rtexit$$00000000  c_w.l(rtexit.o)
    0x08000266   0x08000266   0x00000000   Code   RO         8022    .ARM.Collect$$rtexit$$00000002  c_w.l(rtexit2.o)
    0x08000266   0x08000266   0x00000004   Code   RO         8023    .ARM.Collect$$rtexit$$00000003  c_w.l(rtexit2.o)
    0x0800026a   0x0800026a   0x00000006   Code   RO         8024    .ARM.Collect$$rtexit$$00000004  c_w.l(rtexit2.o)
    0x08000270   0x08000270   0x00000040   Code   RO         1168    .text               startup_stm32f40_41xxx.o
    0x080002b0   0x080002b0   0x00000134   Code   RO         7644    .text               context_rvds.o
    0x080003e4   0x080003e4   0x00000018   Code   RO         7652    .text               c_w.l(noretval__2printf.o)
    0x080003fc   0x080003fc   0x00000068   Code   RO         7654    .text               c_w.l(__printf.o)
    0x08000464   0x08000464   0x00000078   Code   RO         7656    .text               c_w.l(_printf_dec.o)
    0x080004dc   0x080004dc   0x00000032   Code   RO         7682    .text               c_w.l(fwrite.o)
    0x0800050e   0x0800050e   0x00000058   Code   RO         7684    .text               c_w.l(memcmp.o)
    0x08000566   0x08000566   0x00000048   Code   RO         7686    .text               c_w.l(strcpy.o)
    0x080005ae   0x080005ae   0x0000003e   Code   RO         7688    .text               c_w.l(strlen.o)
    0x080005ec   0x080005ec   0x00000096   Code   RO         7690    .text               c_w.l(strncmp.o)
    0x08000682   0x08000682   0x00000018   Code   RO         7692    .text               c_w.l(strcat.o)
    0x0800069a   0x0800069a   0x0000008a   Code   RO         7694    .text               c_w.l(rt_memcpy_v6.o)
    0x08000724   0x08000724   0x00000064   Code   RO         7696    .text               c_w.l(rt_memcpy_w.o)
    0x08000788   0x08000788   0x00000044   Code   RO         7698    .text               c_w.l(rt_memclr.o)
    0x080007cc   0x080007cc   0x0000004e   Code   RO         7700    .text               c_w.l(rt_memclr_w.o)
    0x0800081a   0x0800081a   0x00000056   Code   RO         7702    .text               c_w.l(strncpy.o)
    0x08000870   0x08000870   0x00000006   Code   RO         7704    .text               c_w.l(heapauxi.o)
    0x08000876   0x08000876   0x00000002   PAD
    0x08000878   0x08000878   0x00000008   Code   RO         7784    .text               c_w.l(rt_errno_addr_intlibspace.o)
    0x08000880   0x08000880   0x00000016   Code   RO         7786    .text               c_w.l(_rserrno.o)
    0x08000896   0x08000896   0x000000b2   Code   RO         7788    .text               c_w.l(_printf_intcommon.o)
    0x08000948   0x08000948   0x00000024   Code   RO         7790    .text               c_w.l(_printf_char_file.o)
    0x0800096c   0x0800096c   0x00000008   Code   RO         7842    .text               c_w.l(libspace.o)
    0x08000974   0x08000974   0x00000030   Code   RO         7864    .text               c_w.l(_printf_char_common.o)
    0x080009a4   0x080009a4   0x00000008   Code   RO         7870    .text               c_w.l(ferror.o)
    0x080009ac   0x080009ac   0x0000004a   Code   RO         7899    .text               c_w.l(sys_stackheap_outer.o)
    0x080009f6   0x080009f6   0x00000012   Code   RO         7915    .text               c_w.l(exit.o)
    0x08000a08   0x08000a08   0x0000000a   Code   RO         6070    i.$Sub$$main        components.o
    0x08000a12   0x08000a12   0x00000028   Code   RO          461    i.BSP_ALL           bsp_all.o
    0x08000a3a   0x08000a3a   0x00000004   Code   RO          275    i.BusFault_Handler  stm32f4xx_it.o
    0x08000a3e   0x08000a3e   0x00000002   PAD
    0x08000a40   0x08000a40   0x0000008c   Code   RO          540    i.CopeSerial2Data   driver_usart.o
    0x08000acc   0x08000acc   0x00000138   Code   RO          698    i.DBUS_Init         driver_dbus.o
    0x08000c04   0x08000c04   0x00000138   Code   RO          699    i.DBUS_init_2       driver_dbus.o
    0x08000d3c   0x08000d3c   0x000000e4   Code   RO         1029    i.DMA1_Stream0_IRQHandler  dma.o
    0x08000e20   0x08000e20   0x00000034   Code   RO         2247    i.DMA_ClearFlag     stm32f4xx_dma.o
    0x08000e54   0x08000e54   0x00000034   Code   RO         2248    i.DMA_ClearITPendingBit  stm32f4xx_dma.o
    0x08000e88   0x08000e88   0x00000016   Code   RO         2249    i.DMA_Cmd           stm32f4xx_dma.o
    0x08000e9e   0x08000e9e   0x00000002   PAD
    0x08000ea0   0x08000ea0   0x00000158   Code   RO         2250    i.DMA_DeInit        stm32f4xx_dma.o
    0x08000ff8   0x08000ff8   0x00000014   Code   RO         2254    i.DMA_GetCmdStatus  stm32f4xx_dma.o
    0x0800100c   0x0800100c   0x00000064   Code   RO         2259    i.DMA_GetITStatus   stm32f4xx_dma.o
    0x08001070   0x08001070   0x0000003a   Code   RO         2260    i.DMA_ITConfig      stm32f4xx_dma.o
    0x080010aa   0x080010aa   0x00000002   PAD
    0x080010ac   0x080010ac   0x00000058   Code   RO         2261    i.DMA_Init          stm32f4xx_dma.o
    0x08001104   0x08001104   0x00000002   Code   RO          276    i.DebugMon_Handler  stm32f4xx_it.o
    0x08001106   0x08001106   0x00000090   Code   RO         3007    i.GPIO_Init         stm32f4xx_gpio.o
    0x08001196   0x08001196   0x00000046   Code   RO         3008    i.GPIO_PinAFConfig  stm32f4xx_gpio.o
    0x080011dc   0x080011dc   0x000000c0   Code   RO          548    i.Initial_USART4    driver_usart.o
    0x0800129c   0x0800129c   0x00000004   Code   RO          277    i.MemManage_Handler  stm32f4xx_it.o
    0x080012a0   0x080012a0   0x00000002   Code   RO          278    i.NMI_Handler       stm32f4xx_it.o
    0x080012a2   0x080012a2   0x00000028   Code   RO          333    i.NVIC_Configuration  board.o
    0x080012ca   0x080012ca   0x00000002   PAD
    0x080012cc   0x080012cc   0x00000078   Code   RO         1216    i.NVIC_Init         misc.o
    0x08001344   0x08001344   0x00000014   Code   RO         1217    i.NVIC_PriorityGroupConfig  misc.o
    0x08001358   0x08001358   0x00000020   Code   RO         3849    i.RCC_AHB1PeriphClockCmd  stm32f4xx_rcc.o
    0x08001378   0x08001378   0x00000020   Code   RO         3858    i.RCC_APB1PeriphClockCmd  stm32f4xx_rcc.o
    0x08001398   0x08001398   0x00000020   Code   RO         3860    i.RCC_APB1PeriphResetCmd  stm32f4xx_rcc.o
    0x080013b8   0x080013b8   0x00000020   Code   RO         3861    i.RCC_APB2PeriphClockCmd  stm32f4xx_rcc.o
    0x080013d8   0x080013d8   0x00000020   Code   RO         3863    i.RCC_APB2PeriphResetCmd  stm32f4xx_rcc.o
    0x080013f8   0x080013f8   0x000000e8   Code   RO         3870    i.RCC_GetClocksFreq  stm32f4xx_rcc.o
    0x080014e0   0x080014e0   0x00000002   Code   RO          279    i.SVC_Handler       stm32f4xx_it.o
    0x080014e2   0x080014e2   0x00000002   PAD
    0x080014e4   0x080014e4   0x000000ec   Code   RO         1175    i.SetSysClock       system_stm32f4xx.o
    0x080015d0   0x080015d0   0x00000010   Code   RO          334    i.SysTick_Handler   board.o
    0x080015e0   0x080015e0   0x000000c0   Code   RO         1176    i.SystemCoreClockUpdate  system_stm32f4xx.o
    0x080016a0   0x080016a0   0x00000068   Code   RO         1177    i.SystemInit        system_stm32f4xx.o
    0x08001708   0x08001708   0x000000c0   Code   RO          761    i.TIM3_IRQHandler   timer.o
    0x080017c8   0x080017c8   0x00000006   Code   RO         5219    i.TIM_ClearITPendingBit  stm32f4xx_tim.o
    0x080017ce   0x080017ce   0x00000006   Code   RO         5239    i.TIM_GetCapture1   stm32f4xx_tim.o
    0x080017d4   0x080017d4   0x00000022   Code   RO         5245    i.TIM_GetITStatus   stm32f4xx_tim.o
    0x080017f6   0x080017f6   0x00000012   Code   RO         5255    i.TIM_OC1PolarityConfig  stm32f4xx_tim.o
    0x08001808   0x08001808   0x00000004   Code   RO         5290    i.TIM_SetCounter    stm32f4xx_tim.o
    0x0800180c   0x0800180c   0x0000009c   Code   RO          549    i.UART4_IRQHandler  driver_usart.o
    0x080018a8   0x080018a8   0x00000170   Code   RO         1030    i.UART5_DMA_INIT    dma.o
    0x08001a18   0x08001a18   0x00000090   Code   RO         1031    i.UART5_IRQHandler  dma.o
    0x08001aa8   0x08001aa8   0x00000110   Code   RO          700    i.USART1_IRQHandler  driver_dbus.o
    0x08001bb8   0x08001bb8   0x000000c8   Code   RO          335    i.USART3_Config     board.o
    0x08001c80   0x08001c80   0x00000074   Code   RO          336    i.USART3_IRQHandler  board.o
    0x08001cf4   0x08001cf4   0x00000138   Code   RO          701    i.USART6_IRQHandler  driver_dbus.o
    0x08001e2c   0x08001e2c   0x00000012   Code   RO         5774    i.USART_ClearFlag   stm32f4xx_usart.o
    0x08001e3e   0x08001e3e   0x0000001e   Code   RO         5775    i.USART_ClearITPendingBit  stm32f4xx_usart.o
    0x08001e5c   0x08001e5c   0x00000018   Code   RO         5778    i.USART_Cmd         stm32f4xx_usart.o
    0x08001e74   0x08001e74   0x00000012   Code   RO         5779    i.USART_DMACmd      stm32f4xx_usart.o
    0x08001e86   0x08001e86   0x00000002   PAD
    0x08001e88   0x08001e88   0x000000f0   Code   RO         5780    i.USART_DeInit      stm32f4xx_usart.o
    0x08001f78   0x08001f78   0x0000001a   Code   RO         5781    i.USART_GetFlagStatus  stm32f4xx_usart.o
    0x08001f92   0x08001f92   0x00000054   Code   RO         5782    i.USART_GetITStatus  stm32f4xx_usart.o
    0x08001fe6   0x08001fe6   0x0000004a   Code   RO         5784    i.USART_ITConfig    stm32f4xx_usart.o
    0x08002030   0x08002030   0x000000d4   Code   RO         5785    i.USART_Init        stm32f4xx_usart.o
    0x08002104   0x08002104   0x0000000a   Code   RO         5792    i.USART_ReceiveData  stm32f4xx_usart.o
    0x0800210e   0x0800210e   0x00000008   Code   RO         5795    i.USART_SendData    stm32f4xx_usart.o
    0x08002116   0x08002116   0x00000004   Code   RO          280    i.UsageFault_Handler  stm32f4xx_it.o
    0x0800211a   0x0800211a   0x00000002   PAD
    0x0800211c   0x0800211c   0x00000030   Code   RO          337    i._SysTick_Config   board.o
    0x0800214c   0x0800214c   0x00000030   Code   RO         7897    i.__ARM_fpclassify  m_wm.l(fpclassify.o)
    0x0800217c   0x0800217c   0x00000004   PAD
    0x08002180   0x08002180   0x00000358   Code   RO         7724    i.__hardfp_acos     m_wm.l(acos.o)
    0x080024d8   0x080024d8   0x000000c8   Code   RO         7744    i.__hardfp_cos      m_wm.l(cos.o)
    0x080025a0   0x080025a0   0x000000c8   Code   RO         7756    i.__hardfp_sin      m_wm.l(sin.o)
    0x08002668   0x08002668   0x0000007a   Code   RO         7768    i.__hardfp_sqrt     m_wm.l(sqrt.o)
    0x080026e2   0x080026e2   0x00000006   PAD
    0x080026e8   0x080026e8   0x00000438   Code   RO         7831    i.__ieee754_rem_pio2  m_wm.l(rred.o)
    0x08002b20   0x08002b20   0x00000170   Code   RO         7812    i.__kernel_cos      m_wm.l(cos_i.o)
    0x08002c90   0x08002c90   0x000000f8   Code   RO         7829    i.__kernel_poly     m_wm.l(poly.o)
    0x08002d88   0x08002d88   0x00000130   Code   RO         7836    i.__kernel_sin      m_wm.l(sin_i.o)
    0x08002eb8   0x08002eb8   0x00000014   Code   RO         7816    i.__mathlib_dbl_infnan  m_wm.l(dunder.o)
    0x08002ecc   0x08002ecc   0x00000004   PAD
    0x08002ed0   0x08002ed0   0x00000020   Code   RO         7818    i.__mathlib_dbl_invalid  m_wm.l(dunder.o)
    0x08002ef0   0x08002ef0   0x00000020   Code   RO         7821    i.__mathlib_dbl_underflow  m_wm.l(dunder.o)
    0x08002f10   0x08002f10   0x0000004c   Code   RO         6525    i.__rt_ffs          kservice.o
    0x08002f5c   0x08002f5c   0x00000028   Code   RO         6925    i._get_highest_priority_thread  scheduler.o
    0x08002f84   0x08002f84   0x00000098   Code   RO         7411    i._msh_exec_cmd     msh.o
    0x0800301c   0x0800301c   0x000000c4   Code   RO         6926    i._rt_scheduler_stack_check  scheduler.o
    0x080030e0   0x080030e0   0x000000d0   Code   RO         7015    i._rt_thread_init   thread.o
    0x080031b0   0x080031b0   0x00000042   Code   RO         7169    i._rt_timer_init    timer_1.o
    0x080031f2   0x080031f2   0x0000001c   Code   RO         7170    i._rt_timer_remove  timer_1.o
    0x0800320e   0x0800320e   0x00000004   Code   RO          550    i._sys_exit         driver_usart.o
    0x08003212   0x08003212   0x0000001c   Code   RO         7016    i._thread_cleanup_execute  thread.o
    0x0800322e   0x0800322e   0x00000002   PAD
    0x08003230   0x08003230   0x000000fc   Code   RO         7584    i.bus_fault_track   cpuport.o
    0x0800332c   0x0800332c   0x00000014   Code   RO         7302    i.clear             cmd.o
    0x08003340   0x08003340   0x0000000e   Code   RO         7412    i.cmd_free          msh.o
    0x0800334e   0x0800334e   0x0000000e   Code   RO         7413    i.cmd_ps            msh.o
    0x0800335c   0x0800335c   0x00000022   Code   RO          797    i.crc_ccitt         usart_go.o
    0x0800337e   0x0800337e   0x00000002   PAD
    0x08003380   0x08003380   0x00000018   Code   RO          798    i.crc_ccitt_byte    usart_go.o
    0x08003398   0x08003398   0x00001238   Code   RO          966    i.deng_butai_guiji  foot_trajectory.o
    0x080045d0   0x080045d0   0x0000004e   Code   RO          967    i.deng_butai_init   foot_trajectory.o
    0x0800461e   0x0800461e   0x00000002   PAD
    0x08004620   0x08004620   0x000001d0   Code   RO          968    i.deng_init         foot_trajectory.o
    0x080047f0   0x080047f0   0x00000018   Code   RO         7893    i.fabs              m_wm.l(fabs.o)
    0x08004808   0x08004808   0x00000074   Code   RO         7485    i.finsh_get_prompt  shell.o
    0x0800487c   0x0800487c   0x00000008   Code   RO         7487    i.finsh_getchar     shell.o
    0x08004884   0x08004884   0x00000048   Code   RO         7490    i.finsh_set_prompt_mode  shell.o
    0x080048cc   0x080048cc   0x00000014   Code   RO         7491    i.finsh_system_function_init  shell.o
    0x080048e0   0x080048e0   0x0000009c   Code   RO         7492    i.finsh_system_init  shell.o
    0x0800497c   0x0800497c   0x000004ec   Code   RO         7494    i.finsh_thread_entry  shell.o
    0x08004e68   0x08004e68   0x00000024   Code   RO          552    i.fputc             driver_usart.o
    0x08004e8c   0x08004e8c   0x00000334   Code   RO          970    i.gait_deng         foot_trajectory.o
    0x080051c0   0x080051c0   0x00000080   Code   RO         7585    i.hard_fault_track  cpuport.o
    0x08005240   0x08005240   0x00000020   Code   RO         7303    i.hello             cmd.o
    0x08005260   0x08005260   0x0000001c   Code   RO          799    i.jiao_zero         usart_go.o
    0x0800527c   0x0800527c   0x00000114   Code   RO          338    i.kongzai_lijv      board.o
    0x08005390   0x08005390   0x00000068   Code   RO         7304    i.list              cmd.o
    0x080053f8   0x080053f8   0x00000144   Code   RO         7305    i.list_event        cmd.o
    0x0800553c   0x0800553c   0x0000002a   Code   RO         7306    i.list_find_init    cmd.o
    0x08005566   0x08005566   0x00000088   Code   RO         7307    i.list_get_next     cmd.o
    0x080055ee   0x080055ee   0x00000002   PAD
    0x080055f0   0x080055f0   0x0000015c   Code   RO         7308    i.list_mailbox      cmd.o
    0x0800574c   0x0800574c   0x00000078   Code   RO         6717    i.list_mem          mem.o
    0x080057c4   0x080057c4   0x00000144   Code   RO         7309    i.list_msgqueue     cmd.o
    0x08005908   0x08005908   0x0000010c   Code   RO         7310    i.list_mutex        cmd.o
    0x08005a14   0x08005a14   0x00000138   Code   RO         7311    i.list_sem          cmd.o
    0x08005b4c   0x08005b4c   0x000001e4   Code   RO         7312    i.list_thread       cmd.o
    0x08005d30   0x08005d30   0x00000160   Code   RO         7313    i.list_timer        cmd.o
    0x08005e90   0x08005e90   0x000000d0   Code   RO            4    i.main              main.o
    0x08005f60   0x08005f60   0x0000000e   Code   RO         6071    i.main_thread_entry  components.o
    0x08005f6e   0x08005f6e   0x00000002   PAD
    0x08005f70   0x08005f70   0x00000148   Code   RO          908    i.mathematicalmodelparallel_contrary_corner1  mathematicalmadel.o
    0x080060b8   0x080060b8   0x00000148   Code   RO          909    i.mathematicalmodelparallel_contrary_corner2  mathematicalmadel.o
    0x08006200   0x08006200   0x000000e8   Code   RO         7586    i.mem_manage_fault_track  cpuport.o
    0x080062e8   0x080062e8   0x00000164   Code   RO          805    i.motor_send        usart_go.o
    0x0800644c   0x0800644c   0x00000016   Code   RO          806    i.motor_set         usart_go.o
    0x08006462   0x08006462   0x00000002   PAD
    0x08006464   0x08006464   0x000000a0   Code   RO         7414    i.msh_auto_complete  msh.o
    0x08006504   0x08006504   0x0000006c   Code   RO         7415    i.msh_exec          msh.o
    0x08006570   0x08006570   0x0000005c   Code   RO         7416    i.msh_get_cmd       msh.o
    0x080065cc   0x080065cc   0x00000080   Code   RO         7417    i.msh_help          msh.o
    0x0800664c   0x0800664c   0x00000004   Code   RO         7418    i.msh_is_used       msh.o
    0x08006650   0x08006650   0x000000f0   Code   RO         7419    i.msh_split         msh.o
    0x08006740   0x08006740   0x0000001c   Code   RO         7314    i.object_split      cmd.o
    0x0800675c   0x0800675c   0x00000030   Code   RO         1032    i.pa_init           dma.o
    0x0800678c   0x0800678c   0x0000010c   Code   RO         6718    i.plug_holes        mem.o
    0x08006898   0x08006898   0x00000198   Code   RO         6527    i.print_number      kservice.o
    0x08006a30   0x08006a30   0x0000035c   Code   RO          810    i.rad_zhengfu_deng  usart_go.o
    0x08006d8c   0x08006d8c   0x00000018   Code   RO         1033    i.rc_init           dma.o
    0x08006da4   0x08006da4   0x00000008   Code   RO          702    i.remote_control_init  driver_dbus.o
    0x08006dac   0x08006dac   0x00000008   Code   RO          703    i.remote_control_init2  driver_dbus.o
    0x08006db4   0x08006db4   0x00000050   Code   RO         6072    i.rt_application_init  components.o
    0x08006e04   0x08006e04   0x00000074   Code   RO         6528    i.rt_assert_handler  kservice.o
    0x08006e78   0x08006e78   0x00000022   Code   RO         6719    i.rt_calloc         mem.o
    0x08006e9a   0x08006e9a   0x00000002   PAD
    0x08006e9c   0x08006e9c   0x0000001c   Code   RO         6073    i.rt_components_board_init  components.o
    0x08006eb8   0x08006eb8   0x0000001c   Code   RO         6074    i.rt_components_init  components.o
    0x08006ed4   0x08006ed4   0x00000020   Code   RO         6928    i.rt_enter_critical  scheduler.o
    0x08006ef4   0x08006ef4   0x00000044   Code   RO         6929    i.rt_exit_critical  scheduler.o
    0x08006f38   0x08006f38   0x00000208   Code   RO         6720    i.rt_free           mem.o
    0x08007140   0x08007140   0x00000048   Code   RO          341    i.rt_hw_board_init  board.o
    0x08007188   0x08007188   0x0000002c   Code   RO          342    i.rt_hw_console_getchar  board.o
    0x080071b4   0x080071b4   0x00000060   Code   RO          343    i.rt_hw_console_output  board.o
    0x08007214   0x08007214   0x0000022c   Code   RO         7590    i.rt_hw_hard_fault_exception  cpuport.o
    0x08007440   0x08007440   0x00000050   Code   RO         7591    i.rt_hw_stack_init  cpuport.o
    0x08007490   0x08007490   0x00000038   Code   RO         6486    i.rt_interrupt_enter  irq.o
    0x080074c8   0x080074c8   0x0000001c   Code   RO         6488    i.rt_interrupt_get_nest  irq.o
    0x080074e4   0x080074e4   0x00000038   Code   RO         6489    i.rt_interrupt_leave  irq.o
    0x0800751c   0x0800751c   0x00000018   Code   RO         6201    i.rt_ipc_list_resume  ipc.o
    0x08007534   0x08007534   0x0000006e   Code   RO         6203    i.rt_ipc_list_suspend  ipc.o
    0x080075a2   0x080075a2   0x00000010   Code   RO         6204    i.rt_ipc_object_init  ipc.o
    0x080075b2   0x080075b2   0x00000002   PAD
    0x080075b4   0x080075b4   0x00000030   Code   RO         6533    i.rt_kprintf        kservice.o
    0x080075e4   0x080075e4   0x00000006   Code   RO         6205    i.rt_list_init      ipc.o
    0x080075ea   0x080075ea   0x00000006   Code   RO         6930    i.rt_list_init      scheduler.o
    0x080075f0   0x080075f0   0x00000006   Code   RO         7171    i.rt_list_init      timer_1.o
    0x080075f6   0x080075f6   0x0000000e   Code   RO         6812    i.rt_list_insert_after  object.o
    0x08007604   0x08007604   0x0000000e   Code   RO         7017    i.rt_list_insert_after  thread.o
    0x08007612   0x08007612   0x0000000e   Code   RO         7172    i.rt_list_insert_after  timer_1.o
    0x08007620   0x08007620   0x0000000e   Code   RO         6206    i.rt_list_insert_before  ipc.o
    0x0800762e   0x0800762e   0x00000010   Code   RO         6207    i.rt_list_isempty   ipc.o
    0x0800763e   0x0800763e   0x00000010   Code   RO         7173    i.rt_list_isempty   timer_1.o
    0x0800764e   0x0800764e   0x00000010   Code   RO         7315    i.rt_list_isempty   cmd.o
    0x0800765e   0x0800765e   0x00000014   Code   RO         7316    i.rt_list_len       cmd.o
    0x08007672   0x08007672   0x00000012   Code   RO         6813    i.rt_list_remove    object.o
    0x08007684   0x08007684   0x00000012   Code   RO         7018    i.rt_list_remove    thread.o
    0x08007696   0x08007696   0x00000012   Code   RO         7174    i.rt_list_remove    timer_1.o
    0x080076a8   0x080076a8   0x000002bc   Code   RO         6722    i.rt_malloc         mem.o
    0x08007964   0x08007964   0x00000042   Code   RO         6538    i.rt_memmove        kservice.o
    0x080079a6   0x080079a6   0x00000048   Code   RO         6539    i.rt_memset         kservice.o
    0x080079ee   0x080079ee   0x00000002   PAD
    0x080079f0   0x080079f0   0x000000ec   Code   RO         6814    i.rt_object_allocate  object.o
    0x08007adc   0x08007adc   0x000000a0   Code   RO         6816    i.rt_object_delete  object.o
    0x08007b7c   0x08007b7c   0x0000005c   Code   RO         6817    i.rt_object_detach  object.o
    0x08007bd8   0x08007bd8   0x00000028   Code   RO         6820    i.rt_object_get_information  object.o
    0x08007c00   0x08007c00   0x00000034   Code   RO         6823    i.rt_object_get_type  object.o
    0x08007c34   0x08007c34   0x000000bc   Code   RO         6824    i.rt_object_init    object.o
    0x08007cf0   0x08007cf0   0x0000003c   Code   RO         6825    i.rt_object_is_systemobject  object.o
    0x08007d2c   0x08007d2c   0x0000006c   Code   RO          344    i.rt_ringbuffer_data_len  board.o
    0x08007d98   0x08007d98   0x00000078   Code   RO          345    i.rt_ringbuffer_getchar  board.o
    0x08007e10   0x08007e10   0x00000070   Code   RO          346    i.rt_ringbuffer_init  board.o
    0x08007e80   0x08007e80   0x0000007c   Code   RO          347    i.rt_ringbuffer_putchar  board.o
    0x08007efc   0x08007efc   0x00000144   Code   RO         6931    i.rt_schedule       scheduler.o
    0x08008040   0x08008040   0x0000009c   Code   RO         6932    i.rt_schedule_insert_thread  scheduler.o
    0x080080dc   0x080080dc   0x00000080   Code   RO         6933    i.rt_schedule_remove_thread  scheduler.o
    0x0800815c   0x0800815c   0x0000006c   Code   RO         6237    i.rt_sem_init       ipc.o
    0x080081c8   0x080081c8   0x000000a8   Code   RO         6238    i.rt_sem_release    ipc.o
    0x08008270   0x08008270   0x000001a4   Code   RO         6239    i.rt_sem_take       ipc.o
    0x08008414   0x08008414   0x000000b0   Code   RO         6541    i.rt_show_version   kservice.o
    0x080084c4   0x080084c4   0x00000022   Code   RO         6543    i.rt_sprintf        kservice.o
    0x080084e6   0x080084e6   0x00000012   Code   RO         6547    i.rt_strlen         kservice.o
    0x080084f8   0x080084f8   0x00000034   Code   RO         6549    i.rt_strncpy        kservice.o
    0x0800852c   0x0800852c   0x00000154   Code   RO         6726    i.rt_system_heap_init  mem.o
    0x08008680   0x08008680   0x00000040   Code   RO         6935    i.rt_system_scheduler_init  scheduler.o
    0x080086c0   0x080086c0   0x00000028   Code   RO         6936    i.rt_system_scheduler_start  scheduler.o
    0x080086e8   0x080086e8   0x0000001c   Code   RO         7175    i.rt_system_timer_init  timer_1.o
    0x08008704   0x08008704   0x00000002   Code   RO         7176    i.rt_system_timer_thread_init  timer_1.o
    0x08008706   0x08008706   0x00000050   Code   RO         7020    i.rt_thread_create  thread.o
    0x08008756   0x08008756   0x00000002   PAD
    0x08008758   0x08008758   0x00000054   Code   RO         7025    i.rt_thread_exit    thread.o
    0x080087ac   0x080087ac   0x00000028   Code   RO         6146    i.rt_thread_idle_entry  idle.o
    0x080087d4   0x080087d4   0x000000b8   Code   RO         6147    i.rt_thread_idle_excute  idle.o
    0x0800888c   0x0800888c   0x00000060   Code   RO         6149    i.rt_thread_idle_init  idle.o
    0x080088ec   0x080088ec   0x00000080   Code   RO         7027    i.rt_thread_init    thread.o
    0x0800896c   0x0800896c   0x00000014   Code   RO         7029    i.rt_thread_mdelay  thread.o
    0x08008980   0x08008980   0x0000009c   Code   RO         7030    i.rt_thread_resume  thread.o
    0x08008a1c   0x08008a1c   0x0000000c   Code   RO         7032    i.rt_thread_self    thread.o
    0x08008a28   0x08008a28   0x00000080   Code   RO         7033    i.rt_thread_sleep   thread.o
    0x08008aa8   0x08008aa8   0x000000c4   Code   RO         7034    i.rt_thread_startup  thread.o
    0x08008b6c   0x08008b6c   0x000000dc   Code   RO         7035    i.rt_thread_suspend  thread.o
    0x08008c48   0x08008c48   0x000000b4   Code   RO         7037    i.rt_thread_timeout  thread.o
    0x08008cfc   0x08008cfc   0x00000038   Code   RO         6029    i.rt_tick_from_millisecond  clock.o
    0x08008d34   0x08008d34   0x0000000c   Code   RO         6030    i.rt_tick_get       clock.o
    0x08008d40   0x08008d40   0x0000003c   Code   RO         6032    i.rt_tick_increase  clock.o
    0x08008d7c   0x08008d7c   0x000000e0   Code   RO         7177    i.rt_timer_check    timer_1.o
    0x08008e5c   0x08008e5c   0x000000dc   Code   RO         7178    i.rt_timer_control  timer_1.o
    0x08008f38   0x08008f38   0x000000dc   Code   RO         7181    i.rt_timer_detach   timer_1.o
    0x08009014   0x08009014   0x00000054   Code   RO         7184    i.rt_timer_init     timer_1.o
    0x08009068   0x08009068   0x000001b4   Code   RO         7187    i.rt_timer_start    timer_1.o
    0x0800921c   0x0800921c   0x000000c0   Code   RO         7188    i.rt_timer_stop     timer_1.o
    0x080092dc   0x080092dc   0x00000330   Code   RO         6552    i.rt_vsnprintf      kservice.o
    0x0800960c   0x0800960c   0x00000016   Code   RO         6553    i.rt_vsprintf       kservice.o
    0x08009622   0x08009622   0x00000004   Code   RO         6075    i.rti_board_end     components.o
    0x08009626   0x08009626   0x00000004   Code   RO         6076    i.rti_board_start   components.o
    0x0800962a   0x0800962a   0x00000004   Code   RO         6077    i.rti_end           components.o
    0x0800962e   0x0800962e   0x00000004   Code   RO         6078    i.rti_start         components.o
    0x08009632   0x08009632   0x0000002a   Code   RO         6079    i.rtthread_startup  components.o
    0x0800965c   0x0800965c   0x00000038   Code   RO         7495    i.shell_auto_complete  shell.o
    0x08009694   0x08009694   0x00000030   Code   RO         7496    i.shell_handle_history  shell.o
    0x080096c4   0x080096c4   0x000000d8   Code   RO         7497    i.shell_push_history  shell.o
    0x0800979c   0x0800979c   0x00000030   Code   RO         7317    i.show_wait_queue   cmd.o
    0x080097cc   0x080097cc   0x00000026   Code   RO         6554    i.skip_atoi         kservice.o
    0x080097f2   0x080097f2   0x0000006e   Code   RO         7770    i.sqrt              m_wm.l(sqrt.o)
    0x08009860   0x08009860   0x00000020   Code   RO         7420    i.str_common        msh.o
    0x08009880   0x08009880   0x000000a4   Code   RO         1091    i.thread_entry1     app_thread.o
    0x08009924   0x08009924   0x0000000a   Code   RO         1092    i.thread_entry2     app_thread.o
    0x0800992e   0x0800992e   0x00000002   PAD
    0x08009930   0x08009930   0x00000050   Code   RO         1093    i.thread_entry3     app_thread.o
    0x08009980   0x08009980   0x0000004c   Code   RO         1094    i.timeout1          app_thread.o
    0x080099cc   0x080099cc   0x000000e8   Code   RO         7592    i.usage_fault_track  cpuport.o
    0x08009ab4   0x08009ab4   0x0000000a   Code   RO         7318    i.version           cmd.o
    0x08009abe   0x08009abe   0x00000018   Code   RO         7797    x$fpl$basic         fz_wm.l(basic.o)
    0x08009ad6   0x08009ad6   0x00000002   PAD
    0x08009ad8   0x08009ad8   0x00000062   Code   RO         7708    x$fpl$d2f           fz_wm.l(d2f.o)
    0x08009b3a   0x08009b3a   0x00000002   PAD
    0x08009b3c   0x08009b3c   0x00000150   Code   RO         7710    x$fpl$dadd          fz_wm.l(daddsub_clz.o)
    0x08009c8c   0x08009c8c   0x000002b0   Code   RO         7717    x$fpl$ddiv          fz_wm.l(ddiv.o)
    0x08009f3c   0x08009f3c   0x0000005e   Code   RO         7879    x$fpl$dfix          fz_wm.l(dfix.o)
    0x08009f9a   0x08009f9a   0x0000002e   Code   RO         7884    x$fpl$dflt          fz_wm.l(dflt_clz.o)
    0x08009fc8   0x08009fc8   0x00000026   Code   RO         7883    x$fpl$dfltu         fz_wm.l(dflt_clz.o)
    0x08009fee   0x08009fee   0x00000002   PAD
    0x08009ff0   0x08009ff0   0x00000154   Code   RO         7720    x$fpl$dmul          fz_wm.l(dmul.o)
    0x0800a144   0x0800a144   0x0000009c   Code   RO         7801    x$fpl$dnaninf       fz_wm.l(dnaninf.o)
    0x0800a1e0   0x0800a1e0   0x0000000c   Code   RO         7803    x$fpl$dretinf       fz_wm.l(dretinf.o)
    0x0800a1ec   0x0800a1ec   0x00000016   Code   RO         7711    x$fpl$drsb          fz_wm.l(daddsub_clz.o)
    0x0800a202   0x0800a202   0x00000002   PAD
    0x0800a204   0x0800a204   0x00000198   Code   RO         7805    x$fpl$dsqrt         fz_wm.l(dsqrt_umaal.o)
    0x0800a39c   0x0800a39c   0x000001d4   Code   RO         7712    x$fpl$dsub          fz_wm.l(daddsub_clz.o)
    0x0800a570   0x0800a570   0x00000056   Code   RO         7722    x$fpl$f2d           fz_wm.l(f2d.o)
    0x0800a5c6   0x0800a5c6   0x0000008c   Code   RO         7807    x$fpl$fnaninf       fz_wm.l(fnaninf.o)
    0x0800a652   0x0800a652   0x0000000a   Code   RO         8003    x$fpl$fpinit        fz_wm.l(fpinit.o)
    0x0800a65c   0x0800a65c   0x0000000a   Code   RO         7809    x$fpl$fretinf       fz_wm.l(fretinf.o)
    0x0800a666   0x0800a666   0x00000000   Code   RO         7811    x$fpl$usenofp       fz_wm.l(usenofp.o)
    0x0800a666   0x0800a666   0x0000003f   Data   RO          349    .constdata          board.o
    0x0800a6a5   0x0800a6a5   0x00000001   PAD
    0x0800a6a6   0x0800a6a6   0x00000200   Data   RO          812    .constdata          usart_go.o
    0x0800a8a6   0x0800a8a6   0x00000014   Data   RO         6080    .constdata          components.o
    0x0800a8ba   0x0800a8ba   0x00000016   Data   RO         6152    .constdata          idle.o
    0x0800a8d0   0x0800a8d0   0x00000209   Data   RO         6241    .constdata          ipc.o
    0x0800aad9   0x0800aad9   0x00000122   Data   RO         6556    .constdata          kservice.o
    0x0800abfb   0x0800abfb   0x0000003c   Data   RO         6728    .constdata          mem.o
    0x0800ac37   0x0800ac37   0x00000080   Data   RO         6829    .constdata          object.o
    0x0800acb7   0x0800acb7   0x0000004e   Data   RO         6938    .constdata          scheduler.o
    0x0800ad05   0x0800ad05   0x000000c0   Data   RO         7039    .constdata          thread.o
    0x0800adc5   0x0800adc5   0x0000005c   Data   RO         7189    .constdata          timer_1.o
    0x0800ae21   0x0800ae21   0x0000000e   Data   RO         7421    .constdata          msh.o
    0x0800ae2f   0x0800ae2f   0x0000004a   Data   RO         7499    .constdata          shell.o
    0x0800ae79   0x0800ae79   0x00000007   PAD
    0x0800ae80   0x0800ae80   0x00000050   Data   RO         7727    .constdata          m_wm.l(acos.o)
    0x0800aed0   0x0800aed0   0x00000030   Data   RO         7813    .constdata          m_wm.l(cos_i.o)
    0x0800af00   0x0800af00   0x000000c8   Data   RO         7833    .constdata          m_wm.l(rred.o)
    0x0800afc8   0x0800afc8   0x00000028   Data   RO         7837    .constdata          m_wm.l(sin_i.o)
    0x0800aff0   0x0800aff0   0x00000045   Data   RO         6242    .conststring        ipc.o
    0x0800b035   0x0800b035   0x00000003   PAD
    0x0800b038   0x0800b038   0x000000eb   Data   RO         6729    .conststring        mem.o
    0x0800b123   0x0800b123   0x00000001   PAD
    0x0800b124   0x0800b124   0x00000042   Data   RO         7040    .conststring        thread.o
    0x0800b166   0x0800b166   0x00000002   PAD
    0x0800b168   0x0800b168   0x00000044   Data   RO         7319    .conststring        cmd.o
    0x0800b1ac   0x0800b1ac   0x00000027   Data   RO         6731    .rodata.name        mem.o
    0x0800b1d3   0x0800b1d3   0x000002d5   Data   RO         7320    .rodata.name        cmd.o
    0x0800b4a8   0x0800b4a8   0x00000076   Data   RO         7422    .rodata.name        msh.o
    0x0800b51e   0x0800b51e   0x00000002   PAD
    0x0800b520   0x0800b520   0x00000004   Data   RO         6081    .rti_fn.0           components.o
    0x0800b524   0x0800b524   0x00000004   Data   RO         6082    .rti_fn.0.end       components.o
    0x0800b528   0x0800b528   0x00000004   Data   RO         6083    .rti_fn.1.end       components.o
    0x0800b52c   0x0800b52c   0x00000004   Data   RO         7501    .rti_fn.6           shell.o
    0x0800b530   0x0800b530   0x00000004   Data   RO         6084    .rti_fn.6.end       components.o
    0x0800b534   0x0800b534   0x0000000c   Data   RO         6732    FSymTab             mem.o
    0x0800b540   0x0800b540   0x000000f0   Data   RO         7321    FSymTab             cmd.o
    0x0800b630   0x0800b630   0x00000024   Data   RO         7423    FSymTab             msh.o
    0x0800b654   0x0800b654   0x00000020   Data   RO         8133    Region$$Table       anon$$obj.o


    Execution Region RW_IRAM1 (Exec base: 0x20000000, Load base: 0x0800b674, Size: 0x000014a8, Max: 0x00020000, ABSOLUTE, COMPRESSED[0x00000074])

    Exec Addr    Load Addr    Size         Type   Attr      Idx    E Section Name        Object

    0x20000000   COMPRESSED   0x00000004   Data   RW            6    .data               main.o
    0x20000004   COMPRESSED   0x0000002d   Data   RW          350    .data               board.o
    0x20000031   COMPRESSED   0x00000003   PAD
    0x20000034   COMPRESSED   0x00000051   Data   RW          555    .data               driver_usart.o
    0x20000085   COMPRESSED   0x00000003   PAD
    0x20000088   COMPRESSED   0x0000000c   Data   RW          705    .data               driver_dbus.o
    0x20000094   COMPRESSED   0x00000004   Data   RW          763    .data               timer.o
    0x20000098   COMPRESSED   0x00000002   Data   RW         1035    .data               dma.o
    0x2000009a   COMPRESSED   0x00000002   PAD
    0x2000009c   COMPRESSED   0x00000014   Data   RW         1178    .data               system_stm32f4xx.o
    0x200000b0   COMPRESSED   0x00000010   Data   RW         3902    .data               stm32f4xx_rcc.o
    0x200000c0   COMPRESSED   0x00000004   Data   RW         6034    .data               clock.o
    0x200000c4   COMPRESSED   0x00000009   Data   RW         6491    .data               irq.o
    0x200000cd   COMPRESSED   0x00000003   PAD
    0x200000d0   COMPRESSED   0x00000008   Data   RW         6557    .data               kservice.o
    0x200000d8   COMPRESSED   0x00000020   Data   RW         6730    .data               mem.o
    0x200000f8   COMPRESSED   0x00000084   Data   RW         6830    .data               object.o
    0x2000017c   COMPRESSED   0x0000001c   Data   RW         6939    .data               scheduler.o
    0x20000198   COMPRESSED   0x0000000c   Data   RW         7041    .data               thread.o
    0x200001a4   COMPRESSED   0x00000014   Data   RW         7190    .data               timer_1.o
    0x200001b8   COMPRESSED   0x00000018   Data   RW         7500    .data               shell.o
    0x200001d0   COMPRESSED   0x00000010   Data   RW         7594    .data               cpuport.o
    0x200001e0        -       0x000000b0   Zero   RW            5    .bss                main.o
    0x20000290        -       0x0000013b   Zero   RW          348    .bss                board.o
    0x200003cb        -       0x000001fa   Zero   RW          554    .bss                driver_usart.o
    0x200005c5   COMPRESSED   0x00000003   PAD
    0x200005c8        -       0x0000005c   Zero   RW          704    .bss                driver_dbus.o
    0x20000624        -       0x000001f0   Zero   RW          811    .bss                usart_go.o
    0x20000814        -       0x000000e4   Zero   RW         1034    .bss                dma.o
    0x200008f8        -       0x00000198   Zero   RW         1095    .bss                app_thread.o
    0x20000a90        -       0x00000190   Zero   RW         6151    .bss                idle.o
    0x20000c20        -       0x00000080   Zero   RW         6555    .bss                kservice.o
    0x20000ca0        -       0x00000020   Zero   RW         6727    .bss                mem.o
    0x20000cc0        -       0x00000100   Zero   RW         6937    .bss                scheduler.o
    0x20000dc0        -       0x00000081   Zero   RW         7498    .bss                shell.o
    0x20000e41   COMPRESSED   0x00000003   PAD
    0x20000e44        -       0x00000060   Zero   RW         7843    .bss                c_w.l(libspace.o)
    0x20000ea4   COMPRESSED   0x00000004   PAD
    0x20000ea8        -       0x00000200   Zero   RW         1166    HEAP                startup_stm32f40_41xxx.o
    0x200010a8        -       0x00000400   Zero   RW         1165    STACK               startup_stm32f40_41xxx.o


==============================================================================

Image component sizes


      Code (inc. data)   RO Data    RW Data    ZI Data      Debug   Object Name

       330         72          0          0        408       3908   app_thread.o
      1372        180         63         45        315      16188   board.o
        40          0          0          0          0        530   bsp_all.o
       128         12          0          4          0       2004   clock.o
      2868        992       1033          0          0      20939   cmd.o
       218         50         36          0          0       6616   components.o
       308         28          0          0          0        836   context_rvds.o
      1480        738          0         16          0       6586   cpuport.o
       812         74          0          2        228       3832   dma.o
      1224        100          0         12         92       5045   driver_dbus.o
       528         62          0         81        506       6058   driver_usart.o
      6026         76          0          0          0       3929   foot_trajectory.o
       320         78         22          0        400       5738   idle.o
       882        202        590          0          0      36631   ipc.o
       140         26          0          9          0       2506   irq.o
      1942        224        290          8        128      12543   kservice.o
       208         58          0          4        176     306375   main.o
       656         20          0          0          0       2194   mathematicalmadel.o
      1982        750        346         32         32       7388   mem.o
       140         24          0          0          0       1579   misc.o
       944        180        168          0          0       9824   msh.o
       860        284        128        132          0      11214   object.o
      1054        250         78         28        256      10822   scheduler.o
      1952        196         78         24        129      13670   shell.o
        64         26        392          0       1536        864   startup_stm32f40_41xxx.o
       736         72          0          0          0       6510   stm32f4xx_dma.o
       214          0          0          0          0       1807   stm32f4xx_gpio.o
        18          0          0          0          0       2971   stm32f4xx_it.o
       392         48          0         16          0       5909   stm32f4xx_rcc.o
        68          0          0          0          0       3641   stm32f4xx_tim.o
       744         42          0          0          0       8163   stm32f4xx_usart.o
       532         54          0         20          0       2593   system_stm32f4xx.o
      1472        410        258         12          0      16862   thread.o
       192         14          0          4          0       1001   timer.o
      1554        490         92         20          0      19627   timer_1.o
      1324         44        512          0        496       5348   usart_go.o

    ----------------------------------------------------------------------
     33760       5876       4134        480       4708     572251   Object Totals
         0          0         32          0          0          0   (incl. Generated)
        36          0         16         11          6          0   (incl. Padding)

    ----------------------------------------------------------------------

      Code (inc. data)   RO Data    RW Data    ZI Data      Debug   Library Member Name

        90          0          0          0          0          0   __dczerorl2.o
         8          0          0          0          0         68   __main.o
       104          0          0          0          0         84   __printf.o
         0          0          0          0          0          0   __rtentry.o
        12          0          0          0          0          0   __rtentry2.o
         6          0          0          0          0          0   __rtentry4.o
        52          8          0          0          0          0   __scatter.o
        28          0          0          0          0          0   __scatter_zi.o
        48          6          0          0          0         96   _printf_char_common.o
        36          4          0          0          0         80   _printf_char_file.o
         6          0          0          0          0          0   _printf_d.o
       120         16          0          0          0         92   _printf_dec.o
       178          0          0          0          0         88   _printf_intcommon.o
         0          0          0          0          0          0   _printf_percent.o
         4          0          0          0          0          0   _printf_percent_end.o
        22          0          0          0          0        100   _rserrno.o
        18          0          0          0          0         80   exit.o
         8          0          0          0          0         68   ferror.o
        50          0          0          0          0         84   fwrite.o
         6          0          0          0          0        152   heapauxi.o
         2          0          0          0          0          0   libinit.o
         6          0          0          0          0          0   libinit2.o
         2          0          0          0          0          0   libshutdown.o
         2          0          0          0          0          0   libshutdown2.o
         8          4          0          0         96         68   libspace.o
        88          0          0          0          0         76   memcmp.o
        24          4          0          0          0         84   noretval__2printf.o
         8          4          0          0          0         68   rt_errno_addr_intlibspace.o
        68          0          0          0          0         68   rt_memclr.o
        78          0          0          0          0         80   rt_memclr_w.o
       138          0          0          0          0         68   rt_memcpy_v6.o
       100          0          0          0          0         80   rt_memcpy_w.o
         2          0          0          0          0          0   rtexit.o
        10          0          0          0          0          0   rtexit2.o
        24          0          0          0          0         68   strcat.o
        72          0          0          0          0         80   strcpy.o
        62          0          0          0          0         76   strlen.o
       150          0          0          0          0         80   strncmp.o
        86          0          0          0          0         76   strncpy.o
        74          0          0          0          0         80   sys_stackheap_outer.o
        24          0          0          0          0        164   basic.o
        98          4          0          0          0        140   d2f.o
       826         16          0          0          0        492   daddsub_clz.o
       688        140          0          0          0        256   ddiv.o
        94          4          0          0          0        140   dfix.o
        84          0          0          0          0        232   dflt_clz.o
       340         12          0          0          0        152   dmul.o
       156          4          0          0          0        140   dnaninf.o
        12          0          0          0          0        116   dretinf.o
       408         56          0          0          0        168   dsqrt_umaal.o
        86          4          0          0          0        132   f2d.o
       140          4          0          0          0        132   fnaninf.o
        10          0          0          0          0        116   fpinit.o
        10          0          0          0          0        116   fretinf.o
         0          0          0          0          0          0   usenofp.o
       856        118         80          0          0        288   acos.o
       200         20          0          0          0        164   cos.o
       368         46         48          0          0        200   cos_i.o
        84         16          0          0          0        372   dunder.o
        24          0          0          0          0        124   fabs.o
        48          0          0          0          0        124   fpclassify.o
       248          0          0          0          0        152   poly.o
      1080        142        200          0          0        188   rred.o
       200         20          0          0          0        164   sin.o
       304         24         40          0          0        208   sin_i.o
       232          0          0          0          0        296   sqrt.o

    ----------------------------------------------------------------------
      8446        676        368          0        100       6820   Library Totals
        26          0          0          0          4          0   (incl. Padding)

    ----------------------------------------------------------------------

      Code (inc. data)   RO Data    RW Data    ZI Data      Debug   Library Name

      1800         46          0          0         96       2044   c_w.l
      2976        244          0          0          0       2496   fz_wm.l
      3644        386        368          0          0       2280   m_wm.l

    ----------------------------------------------------------------------
      8446        676        368          0        100       6820   Library Totals

    ----------------------------------------------------------------------

==============================================================================


      Code (inc. data)   RO Data    RW Data    ZI Data      Debug   

     42206       6552       4502        480       4808     553079   Grand Totals
     42206       6552       4502        116       4808     553079   ELF Image Totals (compressed)
     42206       6552       4502        116          0          0   ROM Totals

==============================================================================

    Total RO  Size (Code + RO Data)                46708 (  45.61kB)
    Total RW  Size (RW Data + ZI Data)              5288 (   5.16kB)
    Total ROM Size (Code + RO Data + RW Data)      46824 (  45.73kB)

==============================================================================

